******************************************************************************
                  MSP430 Linker PC v21.6.0                     
******************************************************************************
>> Linked Sun Dec 26 22:51:46 2021

OUTPUT FILE NAME:   <emptyProject.out>
ENTRY POINT SYMBOL: "_c_int00_noargs"  address: 00004474


MEMORY CONFIGURATION

         name            origin    length      used     unused   attr    fill
----------------------  --------  ---------  --------  --------  ----  --------
  SFR                   00000000   00000010  00000000  00000010  RWIX
  PERIPHERALS_8BIT      00000010   000000f0  00000000  000000f0  RWIX
  PERIPHERALS_16BIT     00000100   00000100  00000000  00000100  RWIX
  INFOD                 00001800   00000080  00000000  00000080  RWIX
  INFOC                 00001880   00000080  00000000  00000080  RWIX
  INFOB                 00001900   00000080  00000000  00000080  RWIX
  INFOA                 00001980   00000080  00000000  00000080  RWIX
  USBRAM                00001c00   00000800  00000000  00000800  RWIX
  RAM                   00002400   00002000  00000cde  00001322  RWIX
  FLASH                 00004400   0000bb80  000007a8  0000b3d8  RWIX
  INT00                 0000ff80   00000002  00000000  00000002  RWIX
  INT01                 0000ff82   00000002  00000000  00000002  RWIX
  INT02                 0000ff84   00000002  00000000  00000002  RWIX
  INT03                 0000ff86   00000002  00000000  00000002  RWIX
  INT04                 0000ff88   00000002  00000000  00000002  RWIX
  INT05                 0000ff8a   00000002  00000000  00000002  RWIX
  INT06                 0000ff8c   00000002  00000000  00000002  RWIX
  INT07                 0000ff8e   00000002  00000000  00000002  RWIX
  INT08                 0000ff90   00000002  00000000  00000002  RWIX
  INT09                 0000ff92   00000002  00000000  00000002  RWIX
  INT10                 0000ff94   00000002  00000000  00000002  RWIX
  INT11                 0000ff96   00000002  00000000  00000002  RWIX
  INT12                 0000ff98   00000002  00000000  00000002  RWIX
  INT13                 0000ff9a   00000002  00000000  00000002  RWIX
  INT14                 0000ff9c   00000002  00000000  00000002  RWIX
  INT15                 0000ff9e   00000002  00000000  00000002  RWIX
  INT16                 0000ffa0   00000002  00000000  00000002  RWIX
  INT17                 0000ffa2   00000002  00000000  00000002  RWIX
  INT18                 0000ffa4   00000002  00000000  00000002  RWIX
  INT19                 0000ffa6   00000002  00000000  00000002  RWIX
  INT20                 0000ffa8   00000002  00000000  00000002  RWIX
  INT21                 0000ffaa   00000002  00000000  00000002  RWIX
  INT22                 0000ffac   00000002  00000000  00000002  RWIX
  INT23                 0000ffae   00000002  00000000  00000002  RWIX
  INT24                 0000ffb0   00000002  00000000  00000002  RWIX
  INT25                 0000ffb2   00000002  00000000  00000002  RWIX
  INT26                 0000ffb4   00000002  00000000  00000002  RWIX
  INT27                 0000ffb6   00000002  00000000  00000002  RWIX
  INT28                 0000ffb8   00000002  00000000  00000002  RWIX
  INT29                 0000ffba   00000002  00000000  00000002  RWIX
  INT30                 0000ffbc   00000002  00000000  00000002  RWIX
  INT31                 0000ffbe   00000002  00000000  00000002  RWIX
  INT32                 0000ffc0   00000002  00000000  00000002  RWIX
  INT33                 0000ffc2   00000002  00000000  00000002  RWIX
  INT34                 0000ffc4   00000002  00000000  00000002  RWIX
  INT35                 0000ffc6   00000002  00000000  00000002  RWIX
  INT36                 0000ffc8   00000002  00000000  00000002  RWIX
  INT37                 0000ffca   00000002  00000000  00000002  RWIX
  INT38                 0000ffcc   00000002  00000000  00000002  RWIX
  INT39                 0000ffce   00000002  00000000  00000002  RWIX
  INT40                 0000ffd0   00000002  00000000  00000002  RWIX
  INT41                 0000ffd2   00000002  00000002  00000000  RWIX
  INT42                 0000ffd4   00000002  00000002  00000000  RWIX
  INT43                 0000ffd6   00000002  00000002  00000000  RWIX
  INT44                 0000ffd8   00000002  00000002  00000000  RWIX
  INT45                 0000ffda   00000002  00000002  00000000  RWIX
  INT46                 0000ffdc   00000002  00000002  00000000  RWIX
  INT47                 0000ffde   00000002  00000002  00000000  RWIX
  INT48                 0000ffe0   00000002  00000002  00000000  RWIX
  INT49                 0000ffe2   00000002  00000002  00000000  RWIX
  INT50                 0000ffe4   00000002  00000002  00000000  RWIX
  INT51                 0000ffe6   00000002  00000002  00000000  RWIX
  INT52                 0000ffe8   00000002  00000002  00000000  RWIX
  INT53                 0000ffea   00000002  00000002  00000000  RWIX
  INT54                 0000ffec   00000002  00000002  00000000  RWIX
  INT55                 0000ffee   00000002  00000002  00000000  RWIX
  INT56                 0000fff0   00000002  00000002  00000000  RWIX
  INT57                 0000fff2   00000002  00000002  00000000  RWIX
  INT58                 0000fff4   00000002  00000002  00000000  RWIX
  INT59                 0000fff6   00000002  00000002  00000000  RWIX
  INT60                 0000fff8   00000002  00000002  00000000  RWIX
  INT61                 0000fffa   00000002  00000002  00000000  RWIX
  INT62                 0000fffc   00000002  00000002  00000000  RWIX
  RESET                 0000fffe   00000002  00000002  00000000  RWIX
  FLASH2                00010000   000143f8  00002dce  0001162a  RWIX


SECTION ALLOCATION MAP

 output                                  attributes/
section   page    origin      length       input sections
--------  ----  ----------  ----------   ----------------
.bss       0    00002a40    00000034     UNINITIALIZED
                  00002a40    0000000a     tar.obj (.bss:privateTXlist)
                  00002a4a    0000000a     tar.obj (.bss:rxlist)
                  00002a54    0000000a     tar.obj (.bss:tasklist)
                  00002a5e    0000000a     tar.obj (.bss:txlist)
                  00002a68    00000004     rts430x_lc_rd_eabi_eh.lib : memory.c.obj (.bss)
                  00002a6c    00000004                               : new.cpp.obj (.bss)
                  00002a70    00000004     (.common:__dso_handle)

.data      0    00002a74    0000002a     UNINITIALIZED
                  00002a74    00000008     ucs.obj (.data)
                  00002a7c    00000006     tar.obj (.data)
                  00002a82    00000004     rts430x_lc_rd_eabi_eh.lib : exit_gvars.c.obj (.data:__TI_cleanup_ptr)
                  00002a86    00000004                               : exit_gvars.c.obj (.data:__TI_dtors_ptr)
                  00002a8a    00000004                               : _lock.c.obj (.data:_lock)
                  00002a8e    00000004                               : _lock.c.obj (.data:_unlock)
                  00002a92    00000004                               : dtor_list.c.obj (.data)
                  00002a96    00000004                               : tdeh_cpp_abi.cpp.obj (.data)
                  00002a9a    00000002                               : exit.c.obj (.data)
                  00002a9c    00000002                               : memory.c.obj (.data)

.sysmem    0    00002400    00000640     UNINITIALIZED
                  00002400    00000008     rts430x_lc_rd_eabi_eh.lib : memory.c.obj (.sysmem)
                  00002408    00000638     --HOLE--

.stack     0    00003dc0    00000640     UNINITIALIZED
                  00003dc0    00000004     rts430x_lc_rd_eabi_eh.lib : boot.c.obj (.stack)
                  00003dc4    0000063c     --HOLE--

.text:_isr 
*          0    00004400    0000009a     
                  00004400    00000074     main.obj (.text:_isr:_Z11USCI_A0_ISRv)
                  00004474    0000001c     rts430x_lc_rd_eabi_eh.lib : boot.c.obj (.text:_isr:_c_int00_noargs)
                  00004490    00000008                               : isr_trap.asm.obj (.text:_isr:__TI_ISR_TRAP)
                  00004498    00000002     main.obj (.text:_isr:_Z13TIMER0_A0_ISRv)

.cinit     0    0000490c    00000034     
                  0000490c    00000012     (.cinit..data.load) [load image, compression = lzss]
                  0000491e    0000000c     (__TI_handler_table)
                  0000492a    00000006     (.cinit..bss.load) [load image, compression = zero_init]
                  00004930    00000010     (__TI_cinit_table)

.binit     0    00004400    00000000     

.mspabi.extab 
*          0    0000449c    00000098     
                  0000449c    00000030     rts430x_lc_rd_eabi_eh.lib : tdeh_cpp_abi.cpp.obj (.mspabi.extab:__cxa_call_unexpected)
                  000044cc    0000001c                               : tdeh_cpp_abi.cpp.obj (.mspabi.extab:__cxa_end_catch)
                  000044e8    00000018     tar.obj (.mspabi.extab:_ZNSt3__24listINS0_IhNS_9allocatorIhEEEENS1_IS3_EEE9push_backERKS3_)
                  00004500    00000014     tar.obj (.mspabi.extab:_ZNSt3__220__throw_length_errorEPKc)
                  00004514    00000010     rts430x_lc_rd_eabi_eh.lib : stdexcept.cpp.obj (.mspabi.extab:_ZNSt11logic_errorC1EPKc)
                  00004524    00000010     tar.obj (.mspabi.extab:_ZNSt3__24listIhNS_9allocatorIhEEEC1ERKS3_)

.init_array 
*          0    00004534    00000004     
                  00004534    00000004     tar.obj (.init_array)

.const.1   0    0000449a    00000002     
                  0000449a    00000002     rts430x_lc_rd_eabi_eh.lib : typeinfo.c.obj (.const:.typeinfo:_ZTSv)

.const.2   0    00004538    000003d4     
                  00004538    0000005c     rts430x_lc_rd_eabi_eh.lib : stdlib_exception.cpp.obj (.const:.string)
                  00004594    00000044     tar.obj (.const:.string:_ZZNSt3__29allocatorINS_11__list_nodeINS_4listIhNS0_IhEEEEPvEEE8allocateEjPKvEs)
                  000045d8    00000044     tar.obj (.const:.string:_ZZNSt3__29allocatorINS_11__list_nodeIhPvEEE8allocateEjPKvEs)
                  0000461c    00000028     rts430x_lc_rd_eabi_eh.lib : typeinfo.c.obj (.const:.typeinfo:_ZTSN10__cxxabiv123__fundamental_type_infoE)
                  00004644    00000026                               : typeinfo.c.obj (.const:.typeinfo:_ZTSN10__cxxabiv121__vmi_class_type_infoE)
                  0000466a    00000025                               : typeinfo.c.obj (.const:.typeinfo:_ZTSN10__cxxabiv120__si_class_type_infoE)
                  0000468f    00000001     --HOLE-- [fill = 0]
                  00004690    00000024                               : typeinfo.c.obj (.const:.typeinfo:_ZTSN10__cxxabiv119__pointer_type_infoE)
                  000046b4    00000022                               : typeinfo.c.obj (.const:.typeinfo:_ZTSN10__cxxabiv117__class_type_infoE)
                  000046d6    00000022                               : typeinfo.c.obj (.const:.typeinfo:_ZTSN10__cxxabiv117__pbase_type_infoE)
                  000046f8    0000001e                               : stdlib_typeinfo.cpp.obj (.const:.string)
                  00004716    0000001c     gpio.obj (.const:GPIO_PORT_TO_BASE)
                  00004732    00000014     rts430x_lc_rd_eabi_eh.lib : stdlib_typeinfo.cpp.obj (.const:_ZTVSt10bad_typeid)
                  00004746    00000014                               : stdexcept.cpp.obj (.const:_ZTVSt11logic_error)
                  0000475a    00000014                               : stdexcept.cpp.obj (.const:_ZTVSt12length_error)
                  0000476e    00000014                               : stdlib_exception.cpp.obj (.const:_ZTVSt13bad_exception)
                  00004782    00000014                               : stdlib_exception.cpp.obj (.const:_ZTVSt9bad_alloc)
                  00004796    00000014                               : stdlib_exception.cpp.obj (.const:_ZTVSt9exception)
                  000047aa    00000012                               : stdlib_exception.cpp.obj (.const:.typeinfo:_ZTSSt13bad_exception)
                  000047bc    00000011                               : stdexcept.cpp.obj (.const:.typeinfo:_ZTSSt12length_error)
                  000047cd    00000001     --HOLE-- [fill = 0]
                  000047ce    00000010                               : stdexcept.cpp.obj (.const:.typeinfo:_ZTSSt11logic_error)
                  000047de    00000010                               : typeinfo.c.obj (.const:_ZTVN10__cxxabiv117__class_type_infoE)
                  000047ee    00000010                               : typeinfo.c.obj (.const:_ZTVN10__cxxabiv120__si_class_type_infoE)
                  000047fe    00000010                               : typeinfo.c.obj (.const:_ZTVN10__cxxabiv123__fundamental_type_infoE)
                  0000480e    0000000f                               : stdlib_typeinfo.cpp.obj (.const:.typeinfo:_ZTSSt10bad_typeid)
                  0000481d    00000001     --HOLE-- [fill = 0]
                  0000481e    0000000e     initSys.obj (.const:$P$T1$2)
                  0000482c    0000000d     rts430x_lc_rd_eabi_eh.lib : stdlib_exception.cpp.obj (.const:.typeinfo:_ZTSSt9bad_alloc)
                  00004839    00000001     --HOLE-- [fill = 0]
                  0000483a    0000000d                               : stdlib_exception.cpp.obj (.const:.typeinfo:_ZTSSt9exception)
                  00004847    00000001     --HOLE-- [fill = 0]
                  00004848    0000000d                               : stdlib_typeinfo.cpp.obj (.const:.typeinfo:_ZTSSt9type_info)
                  00004855    00000001     --HOLE-- [fill = 0]
                  00004856    0000000c     initSys.obj (.const:$P$T0$1)
                  00004862    0000000c     rts430x_lc_rd_eabi_eh.lib : typeinfo.c.obj (.const:.typeinfo:_ZTIN10__cxxabiv117__class_type_infoE)
                  0000486e    0000000c                               : typeinfo.c.obj (.const:.typeinfo:_ZTIN10__cxxabiv117__pbase_type_infoE)
                  0000487a    0000000c                               : typeinfo.c.obj (.const:.typeinfo:_ZTIN10__cxxabiv119__pointer_type_infoE)
                  00004886    0000000c                               : typeinfo.c.obj (.const:.typeinfo:_ZTIN10__cxxabiv120__si_class_type_infoE)
                  00004892    0000000c                               : typeinfo.c.obj (.const:.typeinfo:_ZTIN10__cxxabiv121__vmi_class_type_infoE)
                  0000489e    0000000c                               : typeinfo.c.obj (.const:.typeinfo:_ZTIN10__cxxabiv123__fundamental_type_infoE)
                  000048aa    0000000c                               : stdlib_typeinfo.cpp.obj (.const:.typeinfo:_ZTISt10bad_typeid)
                  000048b6    0000000c                               : stdexcept.cpp.obj (.const:.typeinfo:_ZTISt11logic_error)
                  000048c2    0000000c                               : stdexcept.cpp.obj (.const:.typeinfo:_ZTISt12length_error)
                  000048ce    0000000c                               : stdlib_exception.cpp.obj (.const:.typeinfo:_ZTISt13bad_exception)
                  000048da    0000000c                               : stdlib_exception.cpp.obj (.const:.typeinfo:_ZTISt9bad_alloc)
                  000048e6    0000000a                               : tdeh_cpp_abi.cpp.obj (.const:.string)
                  000048f0    00000008                               : stdlib_exception.cpp.obj (.const:.typeinfo:_ZTISt9exception)
                  000048f8    00000008                               : stdlib_typeinfo.cpp.obj (.const:.typeinfo:_ZTISt9type_info)
                  00004900    00000008                               : typeinfo.c.obj (.const:.typeinfo:_ZTIv)
                  00004908    00000004     global.obj (.const)

RTC        0    0000ffd2    00000002     
                  0000ffd2    00000002     rts430x_lc_rd_eabi_eh.lib : int41.asm.obj (.int41)

PORT2      0    0000ffd4    00000002     
                  0000ffd4    00000002     rts430x_lc_rd_eabi_eh.lib : int42.asm.obj (.int42)

TIMER2_A1 
*          0    0000ffd6    00000002     
                  0000ffd6    00000002     rts430x_lc_rd_eabi_eh.lib : int43.asm.obj (.int43)

TIMER2_A0 
*          0    0000ffd8    00000002     
                  0000ffd8    00000002     rts430x_lc_rd_eabi_eh.lib : int44.asm.obj (.int44)

USCI_B1    0    0000ffda    00000002     
                  0000ffda    00000002     rts430x_lc_rd_eabi_eh.lib : int45.asm.obj (.int45)

USCI_A1    0    0000ffdc    00000002     
                  0000ffdc    00000002     rts430x_lc_rd_eabi_eh.lib : int46.asm.obj (.int46)

PORT1      0    0000ffde    00000002     
                  0000ffde    00000002     rts430x_lc_rd_eabi_eh.lib : int47.asm.obj (.int47)

TIMER1_A1 
*          0    0000ffe0    00000002     
                  0000ffe0    00000002     rts430x_lc_rd_eabi_eh.lib : int48.asm.obj (.int48)

TIMER1_A0 
*          0    0000ffe2    00000002     
                  0000ffe2    00000002     rts430x_lc_rd_eabi_eh.lib : int49.asm.obj (.int49)

DMA        0    0000ffe4    00000002     
                  0000ffe4    00000002     rts430x_lc_rd_eabi_eh.lib : int50.asm.obj (.int50)

USB_UBM    0    0000ffe6    00000002     
                  0000ffe6    00000002     rts430x_lc_rd_eabi_eh.lib : int51.asm.obj (.int51)

TIMER0_A1 
*          0    0000ffe8    00000002     
                  0000ffe8    00000002     rts430x_lc_rd_eabi_eh.lib : int52.asm.obj (.int52)

TIMER0_A0 
*          0    0000ffea    00000002     
                  0000ffea    00000002     main.obj (.int53)

ADC12      0    0000ffec    00000002     
                  0000ffec    00000002     rts430x_lc_rd_eabi_eh.lib : int54.asm.obj (.int54)

USCI_B0    0    0000ffee    00000002     
                  0000ffee    00000002     rts430x_lc_rd_eabi_eh.lib : int55.asm.obj (.int55)

USCI_A0    0    0000fff0    00000002     
                  0000fff0    00000002     main.obj (.int56)

WDT        0    0000fff2    00000002     
                  0000fff2    00000002     rts430x_lc_rd_eabi_eh.lib : int57.asm.obj (.int57)

TIMER0_B1 
*          0    0000fff4    00000002     
                  0000fff4    00000002     rts430x_lc_rd_eabi_eh.lib : int58.asm.obj (.int58)

TIMER0_B0 
*          0    0000fff6    00000002     
                  0000fff6    00000002     rts430x_lc_rd_eabi_eh.lib : int59.asm.obj (.int59)

COMP_B     0    0000fff8    00000002     
                  0000fff8    00000002     rts430x_lc_rd_eabi_eh.lib : int60.asm.obj (.int60)

UNMI       0    0000fffa    00000002     
                  0000fffa    00000002     rts430x_lc_rd_eabi_eh.lib : int61.asm.obj (.int61)

SYSNMI     0    0000fffc    00000002     
                  0000fffc    00000002     rts430x_lc_rd_eabi_eh.lib : int62.asm.obj (.int62)

.reset     0    0000fffe    00000002     
                  0000fffe    00000002     rts430x_lc_rd_eabi_eh.lib : boot.c.obj (.reset)

.mspabi.exidx 
*          0    00004940    00000268     
                  00004940    00000008     (.mspabi.exidx.text:_isr:_Z11USCI_A0_ISRv:main.obj)
                  00004948    00000008     rts430x_lc_rd_eabi_eh.lib : rtti.c.obj (.mspabi.exidx:.text:_ZN27_INTERNAL_6_rtti_c_066a44b028derived_to_base_conversion_rEPvPS0_PKN10__cxxabiv117__class_type_infoES5_jPiiPS5_P19a_result_virtualityS6_)
                  00004950    00000008                               : tdeh_pr_common.cpp.obj (.mspabi.exidx:.text:_ZN40_INTERNAL_18_tdeh_pr_common_cpp_740245dd14process_fespecEP19_Unwind_Exception_s13_Unwind_PhaseP15_Unwind_ContextPPmmmP19_Unwind_Reason_CodePb)
                  00004958    00000008                               : tdeh_cpp_abi.cpp.obj (.mspabi.exidx:.text:__cxa_type_match)
                  00004960    00000008     (.mspabi.exidx.text:_ZN40_INTERNAL_18_tdeh_pr_msp430_cpp_ead9744d14process_unwindEP15_Unwind_Context15_Unwind_PR_KindPm:rts430x_lc_rd_eabi_eh.lib<tdeh_pr_msp430.cpp.obj>)
                  00004968    00000008                               : tdeh_pr_common.cpp.obj (.mspabi.exidx:.text:_ZN40_INTERNAL_18_tdeh_pr_common_cpp_740245dd13process_catchEP19_Unwind_Exception_s13_Unwind_PhaseP15_Unwind_ContextPPmmmP19_Unwind_Reason_Code)
                  00004970    00000008                               : tdeh_cpp_abi.cpp.obj (.mspabi.exidx:.text:__cxa_call_unexpected)
                  00004978    00000008     tar.obj (.mspabi.exidx:.text:_Z3tarhb)
                  00004980    00000008     (.mspabi.exidx.text:aligned_alloc:rts430x_lc_rd_eabi_eh.lib<memory.c.obj>)
                  00004988    00000008     tar.obj (.mspabi.exidx:.text:_ZNSt3__24listINS0_IhNS_9allocatorIhEEEENS1_IS3_EEE9push_backERKS3_)
                  00004990    00000008     (.mspabi.exidx.text:UCS_initFLL:ucs.obj)
                  00004998    00000008     tar.obj (.mspabi.exidx:.text:_ZNSt3__24listIhNS_9allocatorIhEEE10push_frontEOh)
                  000049a0    00000008     rts430x_lc_rd_eabi_eh.lib : tdeh_pr_msp430.cpp.obj (.mspabi.exidx:.text:_ZN40_INTERNAL_18_tdeh_pr_msp430_cpp_ead9744d18__TI_unwind_cpp_prE13_Unwind_PhaseP19_Unwind_Exception_sP15_Unwind_Context15_Unwind_PR_Kind)
                  000049a8    00000008     tar.obj (.mspabi.exidx:.text:_ZNSt3__24listIhNS_9allocatorIhEEE10push_frontERKh)
                  000049b0    00000008     rts430x_lc_rd_eabi_eh.lib : rtti.c.obj (.mspabi.exidx:.text:__derived_to_base_conversion)
                  000049b8    00000008                               : tdeh_unwinder.cpp.obj (.mspabi.exidx:.text:_ZN39_INTERNAL_17_tdeh_unwinder_cpp_f8f63fad16find_et_setup_prEP19_Unwind_Exception_sm)
                  000049c0    00000008     tar.obj (.mspabi.exidx:.text:__sti___7_tar_cpp_txlist)
                  000049c8    00000008     (.mspabi.exidx.text:UCS_initClockSignal:ucs.obj)
                  000049d0    00000008     tar.obj (.mspabi.exidx:.text:_ZNSt3__24listIhNS_9allocatorIhEEEC1ERKS3_)
                  000049d8    00000008     (.mspabi.exidx.text:PMM_setVCoreDown:pmm.obj)
                  000049e0    00000008     tar.obj (.mspabi.exidx:.text:_Z4utarh)
                  000049e8    00000008     rts430x_lc_rd_eabi_eh.lib : tdeh_cpp_abi.cpp.obj (.mspabi.exidx:.text:__cxa_allocate_exception)
                  000049f0    00000008                               : tdeh_pr_common.cpp.obj (.mspabi.exidx:.text:_ZN40_INTERNAL_18_tdeh_pr_common_cpp_740245dd15process_cleanupEP19_Unwind_Exception_s13_Unwind_PhaseP15_Unwind_ContextPPmmm)
                  000049f8    00000008     (.mspabi.exidx.text:Timer_A_initUpMode:timer_a.obj)
                  00004a00    00000008                               : tdeh_cpp_abi.cpp.obj (.mspabi.exidx:.text:__cxa_get_globals)
                  00004a08    00000008                               : tdeh_pr_msp430.cpp.obj (.mspabi.exidx:.text:_Z16__TI_targ_set_prP19_Unwind_Exception_s)
                  00004a10    00000008     (.mspabi.exidx.text:_ZN40_INTERNAL_18_tdeh_pr_msp430_cpp_ead9744d12next_uw_byteEP20_Unwind_Instr_Handle:rts430x_lc_rd_eabi_eh.lib<tdeh_pr_msp430.cpp.obj>)
                  00004a18    00000008                               : tdeh_cpp_abi.cpp.obj (.mspabi.exidx:.text:__cxa_end_catch)
                  00004a20    00000008     (.mspabi.exidx.text:__TI_ut_entry_cmp:rts430x_lc_rd_eabi_eh.lib<tdeh_unwinder.cpp.obj>)
                  00004a28    00000008                               : stdexcept.cpp.obj (.mspabi.exidx:.text:_ZNSt11logic_errorC1EPKc)
                  00004a30    00000008     (.mspabi.exidx.text:_Z8initUARTv:initSys.obj)
                  00004a38    00000008                               : dtor_list.c.obj (.mspabi.exidx:.text:_Z23__finalize_destructionsPP20a_needed_destructionPv)
                  00004a40    00000008                               : tdeh_unwinder.cpp.obj (.mspabi.exidx:.text:_ZN39_INTERNAL_17_tdeh_unwinder_cpp_f8f63fad17__TI_unwind_frameEP19_Unwind_Exception_sP15_Unwind_Context)
                  00004a48    00000008     (.mspabi.exidx.text:exit:rts430x_lc_rd_eabi_eh.lib<exit.c.obj>)
                  00004a50    00000008                               : dtor_list.c.obj (.mspabi.exidx:.text:_Z25__add_destruction_to_listPP20a_needed_destructionPFYvPvES2_S2_)
                  00004a58    00000008                               : tdeh_unwinder.cpp.obj (.mspabi.exidx:.text:__TI_Unwind_RaiseException2)
                  00004a60    00000008                               : tdeh_unwinder.cpp.obj (.mspabi.exidx:.text:__TI_Unwind_Resume)
                  00004a68    00000008                               : tdeh_cpp_abi.cpp.obj (.mspabi.exidx:.text:__cxa_begin_catch)
                  00004a70    00000008     (.mspabi.exidx.text:_ZNSt3__24listINS0_IhNS_9allocatorIhEEEENS1_IS3_EEE9pop_frontEv:main.obj)
                  00004a78    00000008                               : new.cpp.obj (.mspabi.exidx:.text:_Znwj)
                  00004a80    00000008     (.mspabi.exidx.text:l_asr_const:rts430x_lc_rd_eabi_eh.lib<asr32.asm.obj>)
                  00004a88    00000008                               : tdeh_cpp_abi.cpp.obj (.mspabi.exidx:.text:__cxa_rethrow)
                  00004a90    00000008                               : tdeh_cpp_abi.cpp.obj (.mspabi.exidx:.text:__cxa_throw)
                  00004a98    00000008     (.mspabi.exidx.text:_ZNSt3__24listIhNS_9allocatorIhEEE9pop_frontEv:main.obj)
                  00004aa0    00000008                               : stdexcept.cpp.obj (.mspabi.exidx:.text:_ZNSt11logic_errorD1Ev)
                  00004aa8    00000008     (.mspabi.exidx.text:free_list_remove:rts430x_lc_rd_eabi_eh.lib<memory.c.obj>)
                  00004ab0    00000008                               : tdeh_cpp_abi.cpp.obj (.mspabi.exidx:.text:_ZN38_INTERNAL_16_tdeh_cpp_abi_cpp_89652da837__TI_setup_handler_and_call_terminateEP19_Unwind_Exception_s)
                  00004ab8    00000008     (.mspabi.exidx.text:USCI_A_UART_disableInterrupt:usci_a_uart.obj)
                  00004ac0    00000008                               : tdeh_pr_msp430.cpp.obj (.mspabi.exidx:.text:__TI_Unwind_RaiseException)
                  00004ac8    00000008                               : dtor_list.c.obj (.mspabi.exidx:.text:__cxa_atexit)
                  00004ad0    00000008     tar.obj (.mspabi.exidx:.text:_ZNSt3__220__throw_length_errorEPKc)
                  00004ad8    00000008     rts430x_lc_rd_eabi_eh.lib : tdeh_cpp_abi.cpp.obj (.mspabi.exidx:.text:_ZSt10unexpectedv)
                  00004ae0    00000008     (.mspabi.exidx.text:decompress:ZI:__TI_zero_init_nomemset:__TI_zero_init_nomemset:rts430x_lc_rd_eabi_eh.lib<copy_zero_init.c.obj>)
                  00004ae8    00000008                               : rtti.c.obj (.mspabi.exidx:.text:__cxa_bad_typeid)
                  00004af0    00000008     (.mspabi.exidx.text:USCI_A_UART_enableInterrupt:usci_a_uart.obj)
                  00004af8    00000008                               : typeinfo.c.obj (.mspabi.exidx:.text:_ZN10__cxxabiv120__si_class_type_infoD0Ev)
                  00004b00    00000008     (.mspabi.exidx.text:_ZN38_INTERNAL_16_tdeh_cpp_abi_cpp_89652da810is_similarEPKSt9type_infoS2_:rts430x_lc_rd_eabi_eh.lib<tdeh_cpp_abi.cpp.obj>)
                  00004b08    00000008     tar.obj (.mspabi.exidx:.text:_ZNSt12length_errorC1EPKc)
                  00004b10    00000008     (.mspabi.exidx.text:heap_start:rts430x_lc_rd_eabi_eh.lib<memory.c.obj>)
                  00004b18    00000008     rts430x_lc_rd_eabi_eh.lib : typeinfo.c.obj (.mspabi.exidx:.text:_ZN10__cxxabiv117__class_type_infoD0Ev)
                  00004b20    00000008     (.mspabi.exidx.text:_ZNSt11logic_errorD0Ev:rts430x_lc_rd_eabi_eh.lib<stdexcept.cpp.obj>)
                  00004b28    00000008                               : tdeh_cpp_abi.cpp.obj (.mspabi.exidx:.text:__TI_cxa_end_cleanup)
                  00004b30    00000008     (.mspabi.exidx.text:decompress:none:__TI_decompress_none:rts430x_lc_rd_eabi_eh.lib<copy_decompress_none.c.obj>)
                  00004b38    00000008                               : typeinfo.c.obj (.mspabi.exidx:.text:_ZN10__cxxabiv117__class_type_infoD1Ev)
                  00004b40    00000008     (.mspabi.exidx.text:_ZNSt12length_errorD1Ev:rts430x_lc_rd_eabi_eh.lib<stdexcept.cpp.obj>)
                  00004b48    00000008     tar.obj (.mspabi.exidx:.text:_ZNSt3__24listINS0_IhNS_9allocatorIhEEEENS1_IS3_EEED1Ev)
                  00004b50    00000008     (.mspabi.exidx.text:_ZNSt3__24listIhNS_9allocatorIhEEED1Ev:main.obj)
                  00004b58    00000008     rts430x_lc_rd_eabi_eh.lib : dtor_list.c.obj (.mspabi.exidx:.text:__cxa_ia64_exit)
                  00004b60    00000008     (.mspabi.exidx.text:_Z22__TI_targ_rtti_addressPmP15_Unwind_Context:rts430x_lc_rd_eabi_eh.lib<tdeh_pr_msp430.cpp.obj>)
                  00004b68    00000008                               : new.cpp.obj (.mspabi.exidx:.text:_ZdlPv)
                  00004b70    00000008     (.mspabi.exidx.text:rts430x_lc_rd_eabi_eh.lib<lsl16.asm.obj>)
                  00004b78    00000008                               : tdeh_cpp_abi.cpp.obj (.mspabi.exidx:.text:_ZN38_INTERNAL_16_tdeh_cpp_abi_cpp_89652da825__TI_default_term_handlerEv)
                  00004b80    00000008     (.mspabi.exidx.text:malloc:rts430x_lc_rd_eabi_eh.lib<memory.c.obj>)
                  00004b88    00000008                               : tdeh_pr_msp430.cpp.obj (.mspabi.exidx:.text:_Z24__TI_targ_regbuf_installP15_Unwind_Context)
                  00004b90    00000008     (.mspabi.exidx.text:_ZNKSt10bad_typeid4whatEv:rts430x_lc_rd_eabi_eh.lib<stdlib_typeinfo.cpp.obj>)
                  00004b98    00000008                               : tdeh_init.cpp.obj (.mspabi.exidx:.text:__tdeh_init)
                  00004ba0    00000008     (.mspabi.exidx.text:abort:rts430x_lc_rd_eabi_eh.lib<exit.c.obj>)

.text      0    00010000    00002dce     
                  00010000    0000029a     rts430x_lc_rd_eabi_eh.lib : rtti.c.obj (.text:_ZN27_INTERNAL_6_rtti_c_066a44b028derived_to_base_conversion_rEPvPS0_PKN10__cxxabiv117__class_type_infoES5_jPiiPS5_P19a_result_virtualityS6_)
                  0001029a    000001d6                               : tdeh_pr_common.cpp.obj (.text:_ZN40_INTERNAL_18_tdeh_pr_common_cpp_740245dd14process_fespecEP19_Unwind_Exception_s13_Unwind_PhaseP15_Unwind_ContextPPmmmP19_Unwind_Reason_CodePb)
                  00010470    00000170                               : tdeh_cpp_abi.cpp.obj (.text:__cxa_type_match)
                  000105e0    00000160                               : tdeh_pr_msp430.cpp.obj (.text:_ZN40_INTERNAL_18_tdeh_pr_msp430_cpp_ead9744d14process_unwindEP15_Unwind_Context15_Unwind_PR_KindPm)
                  00010740    0000015e                               : tdeh_pr_common.cpp.obj (.text:_ZN40_INTERNAL_18_tdeh_pr_common_cpp_740245dd13process_catchEP19_Unwind_Exception_s13_Unwind_PhaseP15_Unwind_ContextPPmmmP19_Unwind_Reason_Code)
                  0001089e    00000158                               : tdeh_pr_common.cpp.obj (.text:_Z24__TI_process_descriptors13_Unwind_PhaseP19_Unwind_Exception_sP15_Unwind_Context15_Unwind_PR_KindPmP19_Unwind_Reason_CodePb)
                  000109f6    00000158                               : tdeh_cpp_abi.cpp.obj (.text:__cxa_call_unexpected)
                  00010b4e    00000150     tar.obj (.text:_Z3tarhb)
                  00010c9e    00000112     rts430x_lc_rd_eabi_eh.lib : memory.c.obj (.text:aligned_alloc)
                  00010db0    000000ea     tar.obj (.text:_ZNSt3__24listINS0_IhNS_9allocatorIhEEEENS1_IS3_EEE9push_backERKS3_)
                  00010e9a    000000e2     ucs.obj (.text:UCS_initFLL)
                  00010f7c    000000e2     rts430x_lc_rd_eabi_eh.lib : memory.c.obj (.text:free)
                  0001105e    000000e0     pmm.obj (.text:PMM_setVCoreUp)
                  0001113e    000000d6     usci_a_uart.obj (.text:USCI_A_UART_init)
                  00011214    000000d2     tar.obj (.text:_ZNSt3__24listIhNS_9allocatorIhEEE10push_frontEOh)
                  000112e6    000000d0     rts430x_lc_rd_eabi_eh.lib : tdeh_pr_msp430.cpp.obj (.text:_ZN40_INTERNAL_18_tdeh_pr_msp430_cpp_ead9744d18__TI_unwind_cpp_prE13_Unwind_PhaseP19_Unwind_Exception_sP15_Unwind_Context15_Unwind_PR_Kind)
                  000113b6    000000ce     tar.obj (.text:_ZNSt3__24listIhNS_9allocatorIhEEE10push_frontERKh)
                  00011484    000000cc     tar.obj (.text:_ZNSt3__24listIhNS_9allocatorIhEEE9push_backEOh)
                  00011550    000000cc     tar.obj (.text:_ZNSt3__24listIhNS_9allocatorIhEEE9push_backERKh)
                  0001161c    000000ba     rts430x_lc_rd_eabi_eh.lib : rtti.c.obj (.text:__derived_to_base_conversion)
                  000116d6    000000ae                               : tdeh_unwinder.cpp.obj (.text:_ZN39_INTERNAL_17_tdeh_unwinder_cpp_f8f63fad16find_et_setup_prEP19_Unwind_Exception_sm)
                  00011784    000000ac     tar.obj (.text:__sti___7_tar_cpp_txlist)
                  00011830    000000a6     ucs.obj (.text:UCS_initClockSignal)
                  000118d6    000000a4     tar.obj (.text:_ZNSt3__24listIhNS_9allocatorIhEEEC1ERKS3_)
                  0001197a    000000a2     pmm.obj (.text:PMM_setVCoreDown)
                  00011a1c    00000096     main.obj (.text:main)
                  00011ab2    0000008c     tar.obj (.text:_Z4utarh)
                  00011b3e    00000086     rts430x_lc_rd_eabi_eh.lib : tdeh_cpp_abi.cpp.obj (.text:__cxa_allocate_exception)
                  00011bc4    00000084                               : tdeh_pr_common.cpp.obj (.text:_ZN40_INTERNAL_18_tdeh_pr_common_cpp_740245dd15process_cleanupEP19_Unwind_Exception_s13_Unwind_PhaseP15_Unwind_ContextPPmmm)
                  00011c48    0000007c     timer_a.obj (.text:Timer_A_initUpMode)
                  00011cc4    0000007a     rts430x_lc_rd_eabi_eh.lib : tdeh_cpp_abi.cpp.obj (.text:__cxa_get_globals)
                  00011d3e    00000078                               : tdeh_pr_msp430.cpp.obj (.text:_Z16__TI_targ_set_prP19_Unwind_Exception_s)
                  00011db6    00000078                               : tdeh_pr_msp430.cpp.obj (.text:_ZN40_INTERNAL_18_tdeh_pr_msp430_cpp_ead9744d12next_uw_byteEP20_Unwind_Instr_Handle)
                  00011e2e    00000076                               : copy_decompress_lzss.c.obj (.text:decompress:lzss:__TI_decompress_lzss)
                  00011ea4    00000074                               : autoinit.c.obj (.text:__TI_auto_init_nobinit_hold_wdt:__TI_auto_init_nobinit_hold_wdt)
                  00011f18    00000074                               : memory.c.obj (.text:split)
                  00011f8c    0000006a     tar.obj (.text:_ZNSt3__210__list_impINS_4listIhNS_9allocatorIhEEEENS2_IS4_EEE5clearEv)
                  00011ff6    0000006a     rts430x_lc_rd_eabi_eh.lib : tdeh_cpp_abi.cpp.obj (.text:__cxa_end_catch)
                  00012060    00000066                               : tdeh_unwinder.cpp.obj (.text:__TI_ut_entry_cmp)
                  000120c6    00000060     initSys.obj (.text:_Z7initUCSj)
                  00012126    0000005a     rts430x_lc_rd_eabi_eh.lib : bsearch.c.obj (.text:bsearch)
                  00012180    00000058                               : stdexcept.cpp.obj (.text:_ZNSt11logic_errorC1EPKc)
                  000121d8    00000054     initSys.obj (.text:_Z8initUARTv)
                  0001222c    00000054     main.obj (.text:_ZNSt3__210__list_impIhNS_9allocatorIhEEE5clearEv)
                  00012280    00000052     pmm.obj (.text:PMM_setVCore)
                  000122d2    0000004e     rts430x_lc_rd_eabi_eh.lib : dtor_list.c.obj (.text:_Z23__finalize_destructionsPP20a_needed_destructionPv)
                  00012320    0000004e                               : tdeh_unwinder.cpp.obj (.text:_ZN39_INTERNAL_17_tdeh_unwinder_cpp_f8f63fad17__TI_unwind_frameEP19_Unwind_Exception_sP15_Unwind_Context)
                  0001236e    0000004a                               : exit.c.obj (.text:exit)
                  000123b8    00000046                               : dtor_list.c.obj (.text:_Z25__add_destruction_to_listPP20a_needed_destructionPFYvPvES2_S2_)
                  000123fe    00000044                               : tdeh_unwinder.cpp.obj (.text:__TI_Unwind_RaiseException2)
                  00012442    00000044                               : tdeh_unwinder.cpp.obj (.text:__TI_Unwind_Resume)
                  00012486    00000040                               : tdeh_cpp_abi.cpp.obj (.text:__cxa_begin_catch)
                  000124c6    0000003e     main.obj (.text:_ZNSt3__24listINS0_IhNS_9allocatorIhEEEENS1_IS3_EEE9pop_frontEv)
                  00012504    0000003e     rts430x_lc_rd_eabi_eh.lib : new.cpp.obj (.text:_Znwj)
                  00012542    0000003e                               : asr32.asm.obj (.text:l_asr_const)
                  00012580    0000003e                               : lsl32.asm.obj (.text:l_lsl_const)
                  000125be    0000003e                               : tdeh_uwentry_msp430.asm.obj (.text)
                  000125fc    00000038     ucs.obj (.text:UCS_turnOnLFXT1)
                  00012634    00000036     rts430x_lc_rd_eabi_eh.lib : tdeh_cpp_abi.cpp.obj (.text:__cxa_rethrow)
                  0001266a    00000034                               : tdeh_cpp_abi.cpp.obj (.text:__cxa_throw)
                  0001269e    0000002e     main.obj (.text:_ZNSt3__24listIhNS_9allocatorIhEEE9pop_frontEv)
                  000126cc    0000002c     rts430x_lc_rd_eabi_eh.lib : memory.c.obj (.text:free_list_insert)
                  000126f8    0000002c                               : div16s.asm.obj (.text)
                  00012724    0000002a     initSys.obj (.text:_Z7initTA0v)
                  0001274e    0000002a     rts430x_lc_rd_eabi_eh.lib : stdexcept.cpp.obj (.text:_ZNSt11logic_errorD1Ev)
                  00012778    0000002a                               : memory.c.obj (.text:free_list_remove)
                  000127a2    00000028     gpio.obj (.text:GPIO_setAsOutputPin)
                  000127ca    00000028     gpio.obj (.text:GPIO_setAsPeripheralModuleFunctionInputPin)
                  000127f2    00000028     gpio.obj (.text:GPIO_setAsPeripheralModuleFunctionOutputPin)
                  0001281a    00000028     rts430x_lc_rd_eabi_eh.lib : tdeh_cpp_abi.cpp.obj (.text:_ZN38_INTERNAL_16_tdeh_cpp_abi_cpp_89652da837__TI_setup_handler_and_call_terminateEP19_Unwind_Exception_s)
                  00012842    00000028                               : tdeh_cpp_abi.cpp.obj (.text:__cxa_free_exception)
                  0001286a    00000026     usci_a_uart.obj (.text:USCI_A_UART_disableInterrupt)
                  00012890    00000026     rts430x_lc_rd_eabi_eh.lib : tdeh_pr_msp430.cpp.obj (.text:__TI_Unwind_RaiseException)
                  000128b6    00000026                               : dtor_list.c.obj (.text:__cxa_atexit)
                  000128dc    00000024     tar.obj (.text:_ZNSt3__220__throw_length_errorEPKc)
                  00012900    00000024     rts430x_lc_rd_eabi_eh.lib : tdeh_cpp_abi.cpp.obj (.text:_ZSt10unexpectedv)
                  00012924    00000024                               : tdeh_cpp_abi.cpp.obj (.text:_ZSt9terminatev)
                  00012948    00000024                               : copy_zero_init.c.obj (.text:decompress:ZI:__TI_zero_init_nomemset:__TI_zero_init_nomemset)
                  0001296c    00000024                               : mult32_f5hw.asm.obj (.text)
                  00012990    00000022     initSys.obj (.text:_Z7initSysv)
                  000129b2    00000020     usci_a_uart.obj (.text:USCI_A_UART_transmitData)
                  000129d2    00000020     wdt_a.obj (.text:WDT_A_hold)
                  000129f2    00000020     rts430x_lc_rd_eabi_eh.lib : rtti.c.obj (.text:__cxa_bad_typeid)
                  00012a12    0000001e     usci_a_uart.obj (.text:USCI_A_UART_enableInterrupt)
                  00012a30    0000001e     usci_a_uart.obj (.text:USCI_A_UART_receiveData)
                  00012a4e    0000001c     gpio.obj (.text:GPIO_setOutputLowOnPin)
                  00012a6a    0000001c     gpio.obj (.text:GPIO_toggleOutputOnPin)
                  00012a86    0000001c     tar.obj (.text:_ZNSt3__210unique_ptrINS_11__list_nodeINS_4listIhNS_9allocatorIhEEEEPvEENS_22__allocator_destructorINS3_IS7_EEEEED1Ev)
                  00012aa2    0000001a     rts430x_lc_rd_eabi_eh.lib : tdeh_unwinder.cpp.obj (.text:_Z13__TI_prel2absPKm)
                  00012abc    00000018                               : mult16_f5hw.asm.obj (.text)
                  00012ad4    00000016                               : typeinfo.c.obj (.text:_ZN10__cxxabiv120__si_class_type_infoD0Ev)
                  00012aea    00000016                               : tdeh_cpp_abi.cpp.obj (.text:_ZN38_INTERNAL_16_tdeh_cpp_abi_cpp_89652da810is_similarEPKSt9type_infoS2_)
                  00012b00    00000016     tar.obj (.text:_ZNSt12length_errorC1EPKc)
                  00012b16    00000016     rts430x_lc_rd_eabi_eh.lib : tdeh_cpp_abi.cpp.obj (.text:__cxa_begin_cleanup)
                  00012b2c    00000016                               : tdeh_cpp_abi.cpp.obj (.text:__cxa_call_terminate)
                  00012b42    00000016                               : memory.c.obj (.text:heap_start)
                  00012b58    00000016                               : div16u.asm.obj (.text)
                  00012b6e    00000014                               : typeinfo.c.obj (.text:_ZN10__cxxabiv117__class_type_infoD0Ev)
                  00012b82    00000014                               : typeinfo.c.obj (.text:_ZN10__cxxabiv123__fundamental_type_infoD0Ev)
                  00012b96    00000014                               : stdlib_typeinfo.cpp.obj (.text:_ZNSt10bad_typeidD0Ev)
                  00012baa    00000014                               : stdexcept.cpp.obj (.text:_ZNSt11logic_errorD0Ev)
                  00012bbe    00000014                               : stdexcept.cpp.obj (.text:_ZNSt12length_errorD0Ev)
                  00012bd2    00000014                               : memcpy.c.obj (.text:memcpy)
                  00012be6    00000012     ucs.obj (.text:UCS_setExternalClockSource)
                  00012bf8    00000012     rts430x_lc_rd_eabi_eh.lib : stdlib_typeinfo.cpp.obj (.text:_ZNSt10bad_typeidC1Ev)
                  00012c0a    00000012                               : stdlib_exception.cpp.obj (.text:_ZNSt9bad_allocC1Ev)
                  00012c1c    00000012                               : tdeh_cpp_abi.cpp.obj (.text:__TI_cxa_end_cleanup)
                  00012c2e    00000012                               : copy_decompress_none.c.obj (.text:decompress:none:__TI_decompress_none)
                  00012c40    0000000e                               : typeinfo.c.obj (.text:_ZN10__cxxabiv117__class_type_infoD1Ev)
                  00012c4e    0000000e                               : typeinfo.c.obj (.text:_ZN10__cxxabiv120__si_class_type_infoD1Ev)
                  00012c5c    0000000e                               : typeinfo.c.obj (.text:_ZN10__cxxabiv123__fundamental_type_infoD1Ev)
                  00012c6a    0000000e                               : stdlib_typeinfo.cpp.obj (.text:_ZNSt10bad_typeidD1Ev)
                  00012c78    0000000e                               : stdexcept.cpp.obj (.text:_ZNSt12length_errorD1Ev)
                  00012c86    0000000e     tar.obj (.text:_ZNSt3__210__list_impINS_4listIhNS_9allocatorIhEEEENS2_IS4_EEED1Ev)
                  00012c94    0000000e     main.obj (.text:_ZNSt3__210__list_impIhNS_9allocatorIhEEED1Ev)
                  00012ca2    0000000e     tar.obj (.text:_ZNSt3__24listINS0_IhNS_9allocatorIhEEEENS1_IS3_EEED1Ev)
                  00012cb0    0000000e     main.obj (.text:_ZNSt3__24listIhNS_9allocatorIhEEED1Ev)
                  00012cbe    0000000e     rts430x_lc_rd_eabi_eh.lib : strlen.c.obj (.text:strlen)
                  00012ccc    0000000c     usci_a_uart.obj (.text:USCI_A_UART_clearInterrupt)
                  00012cd8    0000000c     rts430x_lc_rd_eabi_eh.lib : tdeh_pr_msp430.cpp.obj (.text:_Z23__TI_targ_regbuf_get_pcP15_Unwind_Context)
                  00012ce4    0000000c                               : tdeh_pr_msp430.cpp.obj (.text:_Z23__TI_targ_regbuf_get_spP15_Unwind_Context)
                  00012cf0    0000000c                               : dtor_list.c.obj (.text:__cxa_ia64_exit)
                  00012cfc    0000000a                               : tdeh_pr_msp430.cpp.obj (.text:_Z22__TI_targ_rtti_addressPmP15_Unwind_Context)
                  00012d06    0000000a                               : tdeh_pr_msp430.cpp.obj (.text:_Z23__TI_targ_regbuf_set_pcP15_Unwind_Contextm)
                  00012d10    0000000a                               : tdeh_pr_msp430.cpp.obj (.text:_Z26__TI_targ_setup_call_parm0P15_Unwind_Contextm)
                  00012d1a    0000000a                               : new.cpp.obj (.text:_ZdlPv)
                  00012d24    0000000a                               : lsl16.asm.obj (.text)
                  00012d2e    00000008                               : tdeh_cpp_abi.cpp.obj (.text:_ZN38_INTERNAL_16_tdeh_cpp_abi_cpp_89652da825__TI_default_term_handlerEv)
                  00012d36    00000008                               : tdeh_pr_msp430.cpp.obj (.text:__mspabi_unwind_cpp_pr0)
                  00012d3e    00000008                               : tdeh_pr_msp430.cpp.obj (.text:__mspabi_unwind_cpp_pr1)
                  00012d46    00000008                               : tdeh_pr_msp430.cpp.obj (.text:__mspabi_unwind_cpp_pr2)
                  00012d4e    00000008                               : memory.c.obj (.text:malloc)
                  00012d56    00000006     usci_a_uart.obj (.text:USCI_A_UART_enable)
                  00012d5c    00000006     rts430x_lc_rd_eabi_eh.lib : tdeh_pr_msp430.cpp.obj (.text:_Z23__TI_targ_regbuf_get_sbP15_Unwind_Context)
                  00012d62    00000006                               : tdeh_pr_msp430.cpp.obj (.text:_Z24__TI_targ_regbuf_installP15_Unwind_Context)
                  00012d68    00000006                               : stdlib_typeinfo.cpp.obj (.text:_ZNKSt10bad_typeid4whatEv)
                  00012d6e    00000006                               : stdexcept.cpp.obj (.text:_ZNKSt11logic_error4whatEv)
                  00012d74    00000006                               : stdlib_exception.cpp.obj (.text:_ZNKSt13bad_exception4whatEv)
                  00012d7a    00000006                               : stdlib_exception.cpp.obj (.text:_ZNKSt9bad_alloc4whatEv)
                  00012d80    00000006                               : stdlib_exception.cpp.obj (.text:_ZNKSt9exception4whatEv)
                  00012d86    00000006                               : stdlib_exception.cpp.obj (.text:_ZNSt13bad_exceptionD0Ev)
                  00012d8c    00000006     tar.obj (.text:_ZNSt3__210__list_impINS_4listIhNS_9allocatorIhEEEENS2_IS4_EEED2Ev)
                  00012d92    00000006     main.obj (.text:_ZNSt3__210__list_impIhNS_9allocatorIhEEED2Ev)
                  00012d98    00000006     rts430x_lc_rd_eabi_eh.lib : stdlib_exception.cpp.obj (.text:_ZNSt9bad_allocD0Ev)
                  00012d9e    00000006                               : stdlib_exception.cpp.obj (.text:_ZNSt9exceptionD0Ev)
                  00012da4    00000006                               : tdeh_init.cpp.obj (.text:__tdeh_init)
                  00012daa    00000006                               : exit.c.obj (.text:abort)
                  00012db0    00000004                               : tdeh_cpp_abi.cpp.obj (.text:_ZN38_INTERNAL_16_tdeh_cpp_abi_cpp_89652da826__TI_default_unexp_handlerEv)
                  00012db4    00000004                               : new.cpp.obj (.text:_ZdlPvj)
                  00012db8    00000004                               : error.c.obj (.text:__abort_execution)
                  00012dbc    00000004                               : pre_init.c.obj (.text:_system_pre_init)
                  00012dc0    00000002                               : stdlib_exception.cpp.obj (.text:_ZNSt13bad_exceptionD1Ev)
                  00012dc2    00000002                               : stdlib_exception.cpp.obj (.text:_ZNSt9bad_allocD1Ev)
                  00012dc4    00000002                               : stdlib_exception.cpp.obj (.text:_ZNSt9exceptionD1Ev)
                  00012dc6    00000002                               : stdlib_typeinfo.cpp.obj (.text:_ZNSt9type_infoD1Ev)
                  00012dc8    00000002     tar.obj (.text:_ZdlPvS_)
                  00012dca    00000002     rts430x_lc_rd_eabi_eh.lib : _lock.c.obj (.text:_nop)
                  00012dcc    00000002                               : startup.c.obj (.text:_system_post_cinit)

MODULE SUMMARY

       Module                        code    ro data   rw data
       ------                        ----    -------   -------
    .\
       tar.obj                       2098    280       46     
       main.obj                      494     4         0      
       initSys.obj                   256     26        0      
       global.obj                    0       4         0      
    +--+-----------------------------+-------+---------+---------+
       Total:                        2848    314       46     
                                                              
    .\driverlib\MSP430F5xx_6xx\
       ucs.obj                       466     0         8      
       pmm.obj                       468     0         0      
       usci_a_uart.obj               362     0         0      
       gpio.obj                      176     28        0      
       timer_a.obj                   124     0         0      
       wdt_a.obj                     32      0         0      
    +--+-----------------------------+-------+---------+---------+
       Total:                        1628    28        8      
                                                              
    C:\ti\ccs1100\ccs\tools\compiler\ti-cgt-msp430_21.6.0.LTS\lib\rts430x_lc_rd_eabi_eh.lib
       tdeh_cpp_abi.cpp.obj          1492    182       4      
       tdeh_pr_common.cpp.obj        1296    24        0      
       tdeh_pr_msp430.cpp.obj        928     32        0      
       rtti.c.obj                    884     24        0      
       memory.c.obj                  732     0         6      
       tdeh_unwinder.cpp.obj         516     32        0      
       typeinfo.c.obj                104     373       0      
       stdexcept.cpp.obj             190     129       0      
       stdlib_exception.cpp.obj      60      228       0      
       dtor_list.c.obj               198     32        8      
       stdlib_typeinfo.cpp.obj       60      98        0      
       copy_decompress_lzss.c.obj    118     0         0      
       autoinit.c.obj                116     0         0      
       new.cpp.obj                   76      16        4      
       bsearch.c.obj                 90      0         0      
       exit.c.obj                    80      0         2      
       asr32.asm.obj                 62      0         0      
       lsl32.asm.obj                 62      0         0      
       tdeh_uwentry_msp430.asm.obj   62      0         0      
       div16s.asm.obj                44      0         0      
       copy_zero_init.c.obj          36      0         0      
       mult32_f5hw.asm.obj           36      0         0      
       boot.c.obj                    28      2         0      
       mult16_f5hw.asm.obj           24      0         0      
       div16u.asm.obj                22      0         0      
       memcpy.c.obj                  20      0         0      
       copy_decompress_none.c.obj    18      0         0      
       strlen.c.obj                  14      0         0      
       tdeh_init.cpp.obj             6       8         0      
       _lock.c.obj                   2       0         8      
       lsl16.asm.obj                 10      0         0      
       exit_gvars.c.obj              0       0         8      
       isr_trap.asm.obj              8       0         0      
       error.c.obj                   4       0         0      
       pre_init.c.obj                4       0         0      
       int41.asm.obj                 0       2         0      
       int42.asm.obj                 0       2         0      
       int43.asm.obj                 0       2         0      
       int44.asm.obj                 0       2         0      
       int45.asm.obj                 0       2         0      
       int46.asm.obj                 0       2         0      
       int47.asm.obj                 0       2         0      
       int48.asm.obj                 0       2         0      
       int49.asm.obj                 0       2         0      
       int50.asm.obj                 0       2         0      
       int51.asm.obj                 0       2         0      
       int52.asm.obj                 0       2         0      
       int54.asm.obj                 0       2         0      
       int55.asm.obj                 0       2         0      
       int57.asm.obj                 0       2         0      
       int58.asm.obj                 0       2         0      
       int59.asm.obj                 0       2         0      
       int60.asm.obj                 0       2         0      
       int61.asm.obj                 0       2         0      
       int62.asm.obj                 0       2         0      
       startup.c.obj                 2       0         0      
    +--+-----------------------------+-------+---------+---------+
       Total:                        7404    1220      40     
                                                              
       Heap:                         0       0         1600   
       Stack:                        0       0         1600   
       Linker Generated:             0       284       0      
    +--+-----------------------------+-------+---------+---------+
       Grand Total:                  11880   1846      3294   


LINKER GENERATED COPY TABLES

__TI_cinit_table @ 00004930 records: 2, size/record: 8, table size: 16
	.data: load addr=0000490c, load size=00000012 bytes, run addr=00002a74, run size=0000002a bytes, compression=lzss
	.bss: load addr=0000492a, load size=00000006 bytes, run addr=00002a40, run size=00000034 bytes, compression=zero_init


LINKER GENERATED HANDLER TABLE

__TI_handler_table @ 0000491e records: 3, size/record: 4, table size: 12
	index: 0, handler: __TI_zero_init
	index: 1, handler: __TI_decompress_lzss
	index: 2, handler: __TI_decompress_none


GLOBAL SYMBOLS: SORTED ALPHABETICALLY BY Name 

address   name                                                                                                                          
-------   ----                                                                                                                          
00000700  ADC12CTL0                                                                                                                     
00000701  ADC12CTL0_H                                                                                                                   
00000700  ADC12CTL0_L                                                                                                                   
00000702  ADC12CTL1                                                                                                                     
00000703  ADC12CTL1_H                                                                                                                   
00000702  ADC12CTL1_L                                                                                                                   
00000704  ADC12CTL2                                                                                                                     
00000705  ADC12CTL2_H                                                                                                                   
00000704  ADC12CTL2_L                                                                                                                   
0000070c  ADC12IE                                                                                                                       
0000070d  ADC12IE_H                                                                                                                     
0000070c  ADC12IE_L                                                                                                                     
0000070a  ADC12IFG                                                                                                                      
0000070b  ADC12IFG_H                                                                                                                    
0000070a  ADC12IFG_L                                                                                                                    
0000070e  ADC12IV                                                                                                                       
0000070f  ADC12IV_H                                                                                                                     
0000070e  ADC12IV_L                                                                                                                     
00000710  ADC12MCTL0                                                                                                                    
00000711  ADC12MCTL1                                                                                                                    
0000071a  ADC12MCTL10                                                                                                                   
0000071b  ADC12MCTL11                                                                                                                   
0000071c  ADC12MCTL12                                                                                                                   
0000071d  ADC12MCTL13                                                                                                                   
0000071e  ADC12MCTL14                                                                                                                   
0000071f  ADC12MCTL15                                                                                                                   
00000712  ADC12MCTL2                                                                                                                    
00000713  ADC12MCTL3                                                                                                                    
00000714  ADC12MCTL4                                                                                                                    
00000715  ADC12MCTL5                                                                                                                    
00000716  ADC12MCTL6                                                                                                                    
00000717  ADC12MCTL7                                                                                                                    
00000718  ADC12MCTL8                                                                                                                    
00000719  ADC12MCTL9                                                                                                                    
00000720  ADC12MEM0                                                                                                                     
00000721  ADC12MEM0_H                                                                                                                   
00000720  ADC12MEM0_L                                                                                                                   
00000722  ADC12MEM1                                                                                                                     
00000734  ADC12MEM10                                                                                                                    
00000735  ADC12MEM10_H                                                                                                                  
00000734  ADC12MEM10_L                                                                                                                  
00000736  ADC12MEM11                                                                                                                    
00000737  ADC12MEM11_H                                                                                                                  
00000736  ADC12MEM11_L                                                                                                                  
00000738  ADC12MEM12                                                                                                                    
00000739  ADC12MEM12_H                                                                                                                  
00000738  ADC12MEM12_L                                                                                                                  
0000073a  ADC12MEM13                                                                                                                    
0000073b  ADC12MEM13_H                                                                                                                  
0000073a  ADC12MEM13_L                                                                                                                  
0000073c  ADC12MEM14                                                                                                                    
0000073d  ADC12MEM14_H                                                                                                                  
0000073c  ADC12MEM14_L                                                                                                                  
0000073e  ADC12MEM15                                                                                                                    
0000073f  ADC12MEM15_H                                                                                                                  
0000073e  ADC12MEM15_L                                                                                                                  
00000723  ADC12MEM1_H                                                                                                                   
00000722  ADC12MEM1_L                                                                                                                   
00000724  ADC12MEM2                                                                                                                     
00000725  ADC12MEM2_H                                                                                                                   
00000724  ADC12MEM2_L                                                                                                                   
00000726  ADC12MEM3                                                                                                                     
00000727  ADC12MEM3_H                                                                                                                   
00000726  ADC12MEM3_L                                                                                                                   
00000728  ADC12MEM4                                                                                                                     
00000729  ADC12MEM4_H                                                                                                                   
00000728  ADC12MEM4_L                                                                                                                   
0000072a  ADC12MEM5                                                                                                                     
0000072b  ADC12MEM5_H                                                                                                                   
0000072a  ADC12MEM5_L                                                                                                                   
0000072c  ADC12MEM6                                                                                                                     
0000072d  ADC12MEM6_H                                                                                                                   
0000072c  ADC12MEM6_L                                                                                                                   
0000072e  ADC12MEM7                                                                                                                     
0000072f  ADC12MEM7_H                                                                                                                   
0000072e  ADC12MEM7_L                                                                                                                   
00000730  ADC12MEM8                                                                                                                     
00000731  ADC12MEM8_H                                                                                                                   
00000730  ADC12MEM8_L                                                                                                                   
00000732  ADC12MEM9                                                                                                                     
00000733  ADC12MEM9_H                                                                                                                   
00000732  ADC12MEM9_L                                                                                                                   
00012daa  C$$EXIT                                                                                                                       
000008c0  CBCTL0                                                                                                                        
000008c1  CBCTL0_H                                                                                                                      
000008c0  CBCTL0_L                                                                                                                      
000008c2  CBCTL1                                                                                                                        
000008c3  CBCTL1_H                                                                                                                      
000008c2  CBCTL1_L                                                                                                                      
000008c4  CBCTL2                                                                                                                        
000008c5  CBCTL2_H                                                                                                                      
000008c4  CBCTL2_L                                                                                                                      
000008c6  CBCTL3                                                                                                                        
000008c7  CBCTL3_H                                                                                                                      
000008c6  CBCTL3_L                                                                                                                      
000008cc  CBINT                                                                                                                         
000008cd  CBINT_H                                                                                                                       
000008cc  CBINT_L                                                                                                                       
000008ce  CBIV                                                                                                                          
00000150  CRCDI                                                                                                                         
00000152  CRCDIRB                                                                                                                       
00000153  CRCDIRB_H                                                                                                                     
00000152  CRCDIRB_L                                                                                                                     
00000151  CRCDI_H                                                                                                                       
00000150  CRCDI_L                                                                                                                       
00000154  CRCINIRES                                                                                                                     
00000155  CRCINIRES_H                                                                                                                   
00000154  CRCINIRES_L                                                                                                                   
00000156  CRCRESR                                                                                                                       
00000157  CRCRESR_H                                                                                                                     
00000156  CRCRESR_L                                                                                                                     
00000510  DMA0CTL                                                                                                                       
00000516  DMA0DA                                                                                                                        
00000518  DMA0DAH                                                                                                                       
00000516  DMA0DAL                                                                                                                       
00000512  DMA0SA                                                                                                                        
00000514  DMA0SAH                                                                                                                       
00000512  DMA0SAL                                                                                                                       
0000051a  DMA0SZ                                                                                                                        
00000520  DMA1CTL                                                                                                                       
00000526  DMA1DA                                                                                                                        
00000528  DMA1DAH                                                                                                                       
00000526  DMA1DAL                                                                                                                       
00000522  DMA1SA                                                                                                                        
00000524  DMA1SAH                                                                                                                       
00000522  DMA1SAL                                                                                                                       
0000052a  DMA1SZ                                                                                                                        
00000530  DMA2CTL                                                                                                                       
00000536  DMA2DA                                                                                                                        
00000538  DMA2DAH                                                                                                                       
00000536  DMA2DAL                                                                                                                       
00000532  DMA2SA                                                                                                                        
00000534  DMA2SAH                                                                                                                       
00000532  DMA2SAL                                                                                                                       
0000053a  DMA2SZ                                                                                                                        
00000500  DMACTL0                                                                                                                       
00000502  DMACTL1                                                                                                                       
00000504  DMACTL2                                                                                                                       
00000506  DMACTL3                                                                                                                       
00000508  DMACTL4                                                                                                                       
0000050e  DMAIV                                                                                                                         
00000140  FCTL1                                                                                                                         
00000141  FCTL1_H                                                                                                                       
00000140  FCTL1_L                                                                                                                       
00000144  FCTL3                                                                                                                         
00000145  FCTL3_H                                                                                                                       
00000144  FCTL3_L                                                                                                                       
00000146  FCTL4                                                                                                                         
00000147  FCTL4_H                                                                                                                       
00000146  FCTL4_L                                                                                                                       
000127a2  GPIO_setAsOutputPin                                                                                                           
000127ca  GPIO_setAsPeripheralModuleFunctionInputPin                                                                                    
000127f2  GPIO_setAsPeripheralModuleFunctionOutputPin                                                                                   
00012a4e  GPIO_setOutputLowOnPin                                                                                                        
00012a6a  GPIO_toggleOutputOnPin                                                                                                        
000004c4  MAC                                                                                                                           
000004da  MAC32H                                                                                                                        
000004db  MAC32H_H                                                                                                                      
000004da  MAC32H_L                                                                                                                      
000004d8  MAC32L                                                                                                                        
000004d9  MAC32L_H                                                                                                                      
000004d8  MAC32L_L                                                                                                                      
000004c6  MACS                                                                                                                          
000004de  MACS32H                                                                                                                       
000004df  MACS32H_H                                                                                                                     
000004de  MACS32H_L                                                                                                                     
000004dc  MACS32L                                                                                                                       
000004dd  MACS32L_H                                                                                                                     
000004dc  MACS32L_L                                                                                                                     
000004c7  MACS_H                                                                                                                        
000004c6  MACS_L                                                                                                                        
000004c5  MAC_H                                                                                                                         
000004c4  MAC_L                                                                                                                         
000004c0  MPY                                                                                                                           
000004ec  MPY32CTL0                                                                                                                     
000004ed  MPY32CTL0_H                                                                                                                   
000004ec  MPY32CTL0_L                                                                                                                   
000004d2  MPY32H                                                                                                                        
000004d3  MPY32H_H                                                                                                                      
000004d2  MPY32H_L                                                                                                                      
[...]
0001254a  __mspabi_sral_13                                                                                                              
0001254e  __mspabi_sral_12                                                                                                              
00012552  __mspabi_sral_11                                                                                                              
00012556  __mspabi_sral_10                                                                                                              
0001255a  __mspabi_sral_9                                                                                                               
0001255e  __mspabi_sral_8                                                                                                               
00012562  __mspabi_sral_7                                                                                                               
00012566  __mspabi_sral_6                                                                                                               
0001256a  __mspabi_sral_5                                                                                                               
0001256e  __mspabi_sral_4                                                                                                               
00012572  __mspabi_sral_3                                                                                                               
00012576  __mspabi_sral_2                                                                                                               
0001257a  __mspabi_sral_1                                                                                                               
00012580  __mspabi_slll_15                                                                                                              
00012584  __mspabi_slll_14                                                                                                              
00012588  __mspabi_slll_13                                                                                                              
0001258c  __mspabi_slll_12                                                                                                              
00012590  __mspabi_slll_11                                                                                                              
00012594  __mspabi_slll_10                                                                                                              
00012598  __mspabi_slll_9                                                                                                               
0001259c  __mspabi_slll_8                                                                                                               
000125a0  __mspabi_slll_7                                                                                                               
000125a4  __mspabi_slll_6                                                                                                               
000125a8  __mspabi_slll_5                                                                                                               
000125ac  __mspabi_slll_4                                                                                                               
000125b0  __mspabi_slll_3                                                                                                               
000125b4  __mspabi_slll_2                                                                                                               
000125b8  __mspabi_slll_1                                                                                                               
000125be  _Unwind_RaiseException                                                                                                        
000125d8  _Unwind_Resume                                                                                                                
000125de  __TI_Install_CoreRegs                                                                                                         
000125f0  __cxa_end_cleanup                                                                                                             
000125fc  UCS_turnOnLFXT1                                                                                                               
00012634  __cxa_rethrow                                                                                                                 
0001266a  __cxa_throw                                                                                                                   
0001269e  _ZNSt3__24listIhNS_9allocatorIhEEE9pop_frontEv                                                                                
000126f8  __mspabi_divi                                                                                                                 
000126f8  __mspabi_remi                                                                                                                 
00012724  _Z7initTA0v                                                                                                                   
0001274e  _ZNSt11logic_errorD1Ev                                                                                                        
0001274e  _ZNSt11logic_errorD2Ev                                                                                                        
000127a2  GPIO_setAsOutputPin                                                                                                           
000127ca  GPIO_setAsPeripheralModuleFunctionInputPin                                                                                    
000127f2  GPIO_setAsPeripheralModuleFunctionOutputPin                                                                                   
00012842  __cxa_free_exception                                                                                                          
0001286a  USCI_A_UART_disableInterrupt                                                                                                  
00012890  __TI_Unwind_RaiseException                                                                                                    
000128b6  __cxa_atexit                                                                                                                  
000128dc  _ZNSt3__220__throw_length_errorEPKc                                                                                           
00012900  _ZSt10unexpectedv                                                                                                             
00012924  _ZSt9terminatev                                                                                                               
00012948  __TI_zero_init_nomemset                                                                                                       
0001296c  __mspabi_mpyl_f5hw                                                                                                            
00012990  _Z7initSysv                                                                                                                   
000129b2  USCI_A_UART_transmitData                                                                                                      
000129d2  WDT_A_hold                                                                                                                    
000129f2  __cxa_bad_typeid                                                                                                              
00012a12  USCI_A_UART_enableInterrupt                                                                                                   
00012a30  USCI_A_UART_receiveData                                                                                                       
00012a4e  GPIO_setOutputLowOnPin                                                                                                        
00012a6a  GPIO_toggleOutputOnPin                                                                                                        
00012a86  _ZNSt3__210unique_ptrINS_11__list_nodeINS_4listIhNS_9allocatorIhEEEEPvEENS_22__allocator_destructorINS3_IS7_EEEEED1Ev         
00012aa2  _Z13__TI_prel2absPKm                                                                                                          
00012abc  __mspabi_mpyi_f5hw                                                                                                            
00012ad4  _ZN10__cxxabiv120__si_class_type_infoD0Ev                                                                                     
00012b00  _ZNSt12length_errorC1EPKc                                                                                                     
00012b16  __cxa_begin_cleanup                                                                                                           
00012b2c  __cxa_call_terminate                                                                                                          
00012b58  __mspabi_divu                                                                                                                 
00012b58  __mspabi_remu                                                                                                                 
00012b6e  _ZN10__cxxabiv117__class_type_infoD0Ev                                                                                        
00012b82  _ZN10__cxxabiv123__fundamental_type_infoD0Ev                                                                                  
00012b96  _ZNSt10bad_typeidD0Ev                                                                                                         
00012baa  _ZNSt11logic_errorD0Ev                                                                                                        
00012bbe  _ZNSt12length_errorD0Ev                                                                                                       
00012bd2  memcpy                                                                                                                        
00012be6  UCS_setExternalClockSource                                                                                                    
00012bf8  _ZNSt10bad_typeidC1Ev                                                                                                         
00012bf8  _ZNSt10bad_typeidC2Ev                                                                                                         
00012c0a  _ZNSt9bad_allocC1Ev                                                                                                           
00012c0a  _ZNSt9bad_allocC2Ev                                                                                                           
00012c1c  __TI_cxa_end_cleanup                                                                                                          
00012c2e  __TI_decompress_none                                                                                                          
00012c40  _ZN10__cxxabiv117__class_type_infoD1Ev                                                                                        
00012c40  _ZN10__cxxabiv117__class_type_infoD2Ev                                                                                        
00012c4e  _ZN10__cxxabiv120__si_class_type_infoD1Ev                                                                                     
00012c4e  _ZN10__cxxabiv120__si_class_type_infoD2Ev                                                                                     
00012c5c  _ZN10__cxxabiv123__fundamental_type_infoD1Ev                                                                                  
00012c5c  _ZN10__cxxabiv123__fundamental_type_infoD2Ev                                                                                  
00012c6a  _ZNSt10bad_typeidD1Ev                                                                                                         
00012c6a  _ZNSt10bad_typeidD2Ev                                                                                                         
00012c78  _ZNSt12length_errorD1Ev                                                                                                       
00012c78  _ZNSt12length_errorD2Ev                                                                                                       
00012c86  _ZNSt3__210__list_impINS_4listIhNS_9allocatorIhEEEENS2_IS4_EEED1Ev                                                            
00012c94  _ZNSt3__210__list_impIhNS_9allocatorIhEEED1Ev                                                                                 
00012ca2  _ZNSt3__24listINS0_IhNS_9allocatorIhEEEENS1_IS3_EEED1Ev                                                                       
00012cb0  _ZNSt3__24listIhNS_9allocatorIhEEED1Ev                                                                                        
00012cbe  strlen                                                                                                                        
00012ccc  USCI_A_UART_clearInterrupt                                                                                                    
00012cd8  _Z23__TI_targ_regbuf_get_pcP15_Unwind_Context                                                                                 
00012ce4  _Z23__TI_targ_regbuf_get_spP15_Unwind_Context                                                                                 
00012cf0  __cxa_ia64_exit                                                                                                               
00012cfc  _Z22__TI_targ_rtti_addressPmP15_Unwind_Context                                                                                
00012d06  _Z23__TI_targ_regbuf_set_pcP15_Unwind_Contextm                                                                                
00012d10  _Z26__TI_targ_setup_call_parm0P15_Unwind_Contextm                                                                             
00012d1a  _ZdlPv                                                                                                                        
00012d24  __mspabi_slli                                                                                                                 
00012d36  __mspabi_unwind_cpp_pr0                                                                                                       
00012d3e  __mspabi_unwind_cpp_pr1                                                                                                       
00012d46  __mspabi_unwind_cpp_pr2                                                                                                       
00012d4e  malloc                                                                                                                        
00012d56  USCI_A_UART_enable                                                                                                            
00012d5c  _Z23__TI_targ_regbuf_get_sbP15_Unwind_Context                                                                                 
00012d62  _Z24__TI_targ_regbuf_installP15_Unwind_Context                                                                                
00012d68  _ZNKSt10bad_typeid4whatEv                                                                                                     
00012d6e  _ZNKSt11logic_error4whatEv                                                                                                    
00012d74  _ZNKSt13bad_exception4whatEv                                                                                                  
00012d7a  _ZNKSt9bad_alloc4whatEv                                                                                                       
00012d80  _ZNKSt9exception4whatEv                                                                                                       
00012d86  _ZNSt13bad_exceptionD0Ev                                                                                                      
00012d8c  _ZNSt3__210__list_impINS_4listIhNS_9allocatorIhEEEENS2_IS4_EEED2Ev                                                            
00012d92  _ZNSt3__210__list_impIhNS_9allocatorIhEEED2Ev                                                                                 
00012d98  _ZNSt9bad_allocD0Ev                                                                                                           
00012d9e  _ZNSt9exceptionD0Ev                                                                                                           
00012da4  __tdeh_init                                                                                                                   
00012daa  C$$EXIT                                                                                                                       
00012daa  abort                                                                                                                         
00012db4  _ZdlPvj                                                                                                                       
00012db8  __abort_execution                                                                                                             
00012dbc  _system_pre_init                                                                                                              
00012dc0  _ZNSt13bad_exceptionD1Ev                                                                                                      
00012dc0  _ZNSt13bad_exceptionD2Ev                                                                                                      
00012dc2  _ZNSt9bad_allocD1Ev                                                                                                           
00012dc2  _ZNSt9bad_allocD2Ev                                                                                                           
00012dc4  _ZNSt9exceptionD1Ev                                                                                                           
00012dc4  _ZNSt9exceptionD2Ev                                                                                                           
00012dc6  _ZNSt9type_infoD1Ev                                                                                                           
00012dc6  _ZNSt9type_infoD2Ev                                                                                                           
00012dc8  _ZdlPvS_                                                                                                                      
00012dca  _nop                                                                                                                          
00012dcc  _system_post_cinit                                                                                                            
ffffffff  __TI_pprof_out_hndl                                                                                                           
ffffffff  __TI_prof_data_size                                                                                                           
ffffffff  __TI_prof_data_start                                                                                                          
ffffffff  __c_args__                                                                                                                    

[1016 symbols]
