******************************************************************************
                  MSP430 Linker PC v21.6.0                     
******************************************************************************
>> Linked Wed Apr 27 23:16:07 2022

OUTPUT FILE NAME:   <GraduateProject.out>
ENTRY POINT SYMBOL: "_c_int00_noargs"  address: 000044f4


MEMORY CONFIGURATION

         name            origin    length      used     unused   attr    fill
----------------------  --------  ---------  --------  --------  ----  --------
  SFR                   00000000   00000010  00000000  00000010  RWIX
  PERIPHERALS_8BIT      00000010   000000f0  00000000  000000f0  RWIX
  PERIPHERALS_16BIT     00000100   00000100  00000000  00000100  RWIX
  INFOD                 00001800   00000080  00000000  00000080  RWIX
  INFOC                 00001880   00000080  00000000  00000080  RWIX
  INFOB                 00001900   00000080  00000000  00000080  RWIX
  INFOA                 00001980   00000080  00000000  00000080  RWIX
  USBRAM                00001c00   00000800  00000000  00000800  RWIX
  RAM                   00002400   00002000  00001d38  000002c8  RWIX
  FLASH                 00004400   0000bb80  000013d2  0000a7ae  RWIX
  INT00                 0000ff80   00000002  00000000  00000002  RWIX
  INT01                 0000ff82   00000002  00000000  00000002  RWIX
  INT02                 0000ff84   00000002  00000000  00000002  RWIX
  INT03                 0000ff86   00000002  00000000  00000002  RWIX
  INT04                 0000ff88   00000002  00000000  00000002  RWIX
  INT05                 0000ff8a   00000002  00000000  00000002  RWIX
  INT06                 0000ff8c   00000002  00000000  00000002  RWIX
  INT07                 0000ff8e   00000002  00000000  00000002  RWIX
  INT08                 0000ff90   00000002  00000000  00000002  RWIX
  INT09                 0000ff92   00000002  00000000  00000002  RWIX
  INT10                 0000ff94   00000002  00000000  00000002  RWIX
  INT11                 0000ff96   00000002  00000000  00000002  RWIX
  INT12                 0000ff98   00000002  00000000  00000002  RWIX
  INT13                 0000ff9a   00000002  00000000  00000002  RWIX
  INT14                 0000ff9c   00000002  00000000  00000002  RWIX
  INT15                 0000ff9e   00000002  00000000  00000002  RWIX
  INT16                 0000ffa0   00000002  00000000  00000002  RWIX
  INT17                 0000ffa2   00000002  00000000  00000002  RWIX
  INT18                 0000ffa4   00000002  00000000  00000002  RWIX
  INT19                 0000ffa6   00000002  00000000  00000002  RWIX
  INT20                 0000ffa8   00000002  00000000  00000002  RWIX
  INT21                 0000ffaa   00000002  00000000  00000002  RWIX
  INT22                 0000ffac   00000002  00000000  00000002  RWIX
  INT23                 0000ffae   00000002  00000000  00000002  RWIX
  INT24                 0000ffb0   00000002  00000000  00000002  RWIX
  INT25                 0000ffb2   00000002  00000000  00000002  RWIX
  INT26                 0000ffb4   00000002  00000000  00000002  RWIX
  INT27                 0000ffb6   00000002  00000000  00000002  RWIX
  INT28                 0000ffb8   00000002  00000000  00000002  RWIX
  INT29                 0000ffba   00000002  00000000  00000002  RWIX
  INT30                 0000ffbc   00000002  00000000  00000002  RWIX
  INT31                 0000ffbe   00000002  00000000  00000002  RWIX
  INT32                 0000ffc0   00000002  00000000  00000002  RWIX
  INT33                 0000ffc2   00000002  00000000  00000002  RWIX
  INT34                 0000ffc4   00000002  00000000  00000002  RWIX
  INT35                 0000ffc6   00000002  00000000  00000002  RWIX
  INT36                 0000ffc8   00000002  00000000  00000002  RWIX
  INT37                 0000ffca   00000002  00000000  00000002  RWIX
  INT38                 0000ffcc   00000002  00000000  00000002  RWIX
  INT39                 0000ffce   00000002  00000000  00000002  RWIX
  INT40                 0000ffd0   00000002  00000000  00000002  RWIX
  INT41                 0000ffd2   00000002  00000002  00000000  RWIX
  INT42                 0000ffd4   00000002  00000002  00000000  RWIX
  INT43                 0000ffd6   00000002  00000002  00000000  RWIX
  INT44                 0000ffd8   00000002  00000002  00000000  RWIX
  INT45                 0000ffda   00000002  00000002  00000000  RWIX
  INT46                 0000ffdc   00000002  00000002  00000000  RWIX
  INT47                 0000ffde   00000002  00000002  00000000  RWIX
  INT48                 0000ffe0   00000002  00000002  00000000  RWIX
  INT49                 0000ffe2   00000002  00000002  00000000  RWIX
  INT50                 0000ffe4   00000002  00000002  00000000  RWIX
  INT51                 0000ffe6   00000002  00000002  00000000  RWIX
  INT52                 0000ffe8   00000002  00000002  00000000  RWIX
  INT53                 0000ffea   00000002  00000002  00000000  RWIX
  INT54                 0000ffec   00000002  00000002  00000000  RWIX
  INT55                 0000ffee   00000002  00000002  00000000  RWIX
  INT56                 0000fff0   00000002  00000002  00000000  RWIX
  INT57                 0000fff2   00000002  00000002  00000000  RWIX
  INT58                 0000fff4   00000002  00000002  00000000  RWIX
  INT59                 0000fff6   00000002  00000002  00000000  RWIX
  INT60                 0000fff8   00000002  00000002  00000000  RWIX
  INT61                 0000fffa   00000002  00000002  00000000  RWIX
  INT62                 0000fffc   00000002  00000002  00000000  RWIX
  RESET                 0000fffe   00000002  00000002  00000000  RWIX
  FLASH2                00010000   000143f8  00006dfa  0000d5fe  RWIX


SECTION ALLOCATION MAP

 output                                  attributes/
section   page    origin      length       input sections
--------  ----  ----------  ----------   ----------------
.bss       0    00003210    000000fc     UNINITIALIZED
                  00003210    00000030     main.obj (.bss:ds18b20)
                  00003240    0000002a     main.obj (.bss:Serial)
                  0000326a    00000028     main.obj (.bss:tar)
                  00003292    0000001a     main.obj (.bss:timer)
                  000032ac    00000018     main.obj (.bss:ticker)
                  000032c4    00000014     main.obj (.bss:task)
                  000032d8    00000004     rts430x_lc_rd_eabi_eh.lib : memory.c.obj (.bss)
                  000032dc    00000004                               : new.cpp.obj (.bss)
                  000032e0    00000004     (.common:__dso_handle)
                  000032e4    00000001     main.obj (.bss:$P$T1076$2)
                  000032e5    00000001     main.obj (.bss:$P$T1078$3)
                  000032e6    00000001     main.obj (.bss:$P$T1080$4)
                  000032e7    00000001     main.obj (.bss:$P$T1083$5)
                  000032e8    00000001     main.obj (.bss:$P$T1089$7)
                  000032e9    00000001     main.obj (.bss:$P$T1091$8)
                  000032ea    00000001     main.obj (.bss:$P$T1093$9)
                  000032eb    00000001     main.obj (.bss:$P$T1096$10)
                  000032ec    00000001     main.obj (.bss:$P$T1102$12)
                  000032ed    00000001     main.obj (.bss:$P$T1104$13)
                  000032ee    00000001     main.obj (.bss:$P$T1106$14)
                  000032ef    00000001     main.obj (.bss:$P$T1109$15)
                  000032f0    00000001     main.obj (.bss:$P$T1115$17)
                  000032f1    00000001     main.obj (.bss:$P$T1117$18)
                  000032f2    00000001     main.obj (.bss:$P$T1119$19)
                  000032f3    00000001     main.obj (.bss:$P$T1122$20)
                  000032f4    00000001     main.obj (.bss:$P$T1128$22)
                  000032f5    00000001     main.obj (.bss:$P$T1130$23)
                  000032f6    00000001     main.obj (.bss:$P$T1132$24)
                  000032f7    00000001     main.obj (.bss:$P$T1135$25)
                  000032f8    00000001     main.obj (.bss:$P$T1141$27)
                  000032f9    00000001     main.obj (.bss:$P$T1143$28)
                  000032fa    00000001     main.obj (.bss:$P$T1145$29)
                  000032fb    00000001     main.obj (.bss:$P$T1148$30)
                  000032fc    00000001     main.obj (.bss:$P$T1154$32)
                  000032fd    00000001     main.obj (.bss:$P$T1156$33)
                  000032fe    00000001     main.obj (.bss:$P$T1158$34)
                  000032ff    00000001     main.obj (.bss:$P$T1161$35)
                  00003300    00000001     main.obj (.bss:$P$T1167$37)
                  00003301    00000001     main.obj (.bss:$P$T1169$38)
                  00003302    00000001     main.obj (.bss:$P$T1171$39)
                  00003303    00000001     main.obj (.bss:$P$T1174$40)
                  00003304    00000001     HardwareSerial.obj (.bss:$P$T251$1)
                  00003305    00000001     HardwareSerial.obj (.bss:$P$T253$2)
                  00003306    00000001     HardwareSerial.obj (.bss:$P$T256$3)
                  00003307    00000001     HardwareSerial.obj (.bss:$P$T260$4)
                  00003308    00000001     MspTar.obj (.bss:$P$T284$1)
                  00003309    00000001     MspTar.obj (.bss:$P$T286$2)
                  0000330a    00000001     MspTar.obj (.bss:$P$T289$3)
                  0000330b    00000001     MspTar.obj (.bss:$P$T293$4)

.data      0    0000330c    0000001c     UNINITIALIZED
                  0000330c    00000004     rts430x_lc_rd_eabi_eh.lib : exit_gvars.c.obj (.data:__TI_cleanup_ptr)
                  00003310    00000004                               : exit_gvars.c.obj (.data:__TI_dtors_ptr)
                  00003314    00000004                               : _lock.c.obj (.data:_lock)
                  00003318    00000004                               : _lock.c.obj (.data:_unlock)
                  0000331c    00000004                               : dtor_list.c.obj (.data)
                  00003320    00000004                               : tdeh_cpp_abi.cpp.obj (.data)
                  00003324    00000002                               : exit.c.obj (.data)
                  00003326    00000002                               : memory.c.obj (.data)

.sysmem    0    00002400    00000e10     UNINITIALIZED
                  00002400    00000008     rts430x_lc_rd_eabi_eh.lib : memory.c.obj (.sysmem)
                  00002408    00000e08     --HOLE--

.stack     0    000035f0    00000e10     UNINITIALIZED
                  000035f0    00000004     rts430x_lc_rd_eabi_eh.lib : boot.c.obj (.stack)
                  000035f4    00000e0c     --HOLE--

.mspabi.extab 
*          0    00004400    000000d0     
                  00004400    00000030     rts430x_lc_rd_eabi_eh.lib : tdeh_cpp_abi.cpp.obj (.mspabi.extab:__cxa_call_unexpected)
                  00004430    0000001c                               : tdeh_cpp_abi.cpp.obj (.mspabi.extab:__cxa_end_catch)
                  0000444c    00000014     MspTar.obj (.mspabi.extab:_ZNSt3__220__throw_length_errorEPKc)
                  00004460    00000010     HardwareSerial.obj (.mspabi.extab:_ZN14HardwareSerialC1Ev)
                  00004470    00000010     MspTar.obj (.mspabi.extab:_ZN4Task3addENSt3__28functionIFvvEEE)
                  00004480    00000010     MspTar.obj (.mspabi.extab:_ZN6MspTar4InitEv)
                  00004490    00000010     MspTar.obj (.mspabi.extab:_ZN6MspTarC1Ev)
                  000044a0    00000010     rts430x_lc_rd_eabi_eh.lib : stdexcept.cpp.obj (.mspabi.extab:_ZNSt11logic_errorC1EPKc)
                  000044b0    00000010     MspTar.obj (.mspabi.extab:_ZNSt3__24listIN4Task10TaskStructENS_9allocatorIS2_EEE9push_backERKS2_)
                  000044c0    00000010     MspTar.obj (.mspabi.extab:_ZNSt3__29allocatorINS_11__list_nodeIN4Task10TaskStructEPvEEE9constructIS3_JRKS3_EEEvPT_DpOT0_)

.text:_isr 
*          0    000044d0    00000058     
                  000044d0    00000024     hardware.obj (.text:_isr:_Z11USCI_A0_ISRv)
                  000044f4    0000001c     rts430x_lc_rd_eabi_eh.lib : boot.c.obj (.text:_isr:_c_int00_noargs)
                  00004510    0000000a     hardware.obj (.text:_isr:_Z12port2Pin3ISRv)
                  0000451a    00000008     rts430x_lc_rd_eabi_eh.lib : isr_trap.asm.obj (.text:_isr:__TI_ISR_TRAP)
                  00004522    00000006     hardware.obj (.text:_isr:_Z13TIMER0_A0_ISRv)

.cinit     0    000053c6    00000034     
                  000053c6    00000011     (.cinit..data.load) [load image, compression = lzss]
                  000053d7    00000001     --HOLE-- [fill = 0]
                  000053d8    0000000c     (__TI_handler_table)
                  000053e4    00000006     (.cinit..bss.load) [load image, compression = zero_init]
                  000053ea    00000010     (__TI_cinit_table)

.binit     0    00004400    00000000     

.init_array 
*          0    00004528    00000004     
                  00004528    00000004     main.obj (.init_array)

.const     0    0000452c    00000e9a     
                  0000452c    00000331     main.obj (.const:.typeinfo)
                  0000485d    00000001     --HOLE-- [fill = 0]
                  0000485e    000000a0     main.obj (.const:_ZTV7DS18B20)
                  000048fe    00000077     HardwareSerial.obj (.const:.typeinfo:init)
                  00004975    00000001     --HOLE-- [fill = 0]
                  00004976    0000006b     MspTar.obj (.const:.typeinfo:init)
                  000049e1    00000001     --HOLE-- [fill = 0]
                  000049e2    0000005c     rts430x_lc_rd_eabi_eh.lib : stdlib_exception.cpp.obj (.const:.string)
                  00004a3e    0000004c     main.obj (.const:_ZTV24DS18B20TemperatureSample)
                  00004a8a    00000044     MspTar.obj (.const:.string:_ZZNSt3__29allocatorINS_11__list_nodeIN4Task10TaskStructEPvEEE8allocateEjPKvEs)
                  00004ace    00000044     main.obj (.const:.string:_ZZNSt3__29allocatorINS_11__list_nodeIN9TimerBase4TaskEPvEEE8allocateEjPKvEs)
                  00004b12    00000044     Tar.obj (.const:.string:_ZZNSt3__29allocatorINS_11__list_nodeIhPvEEE8allocateEjPKvEs)
                  00004b56    0000003d     main.obj (.const:.typeinfo:_ZTSZN24DS18B20TemperatureSample22startTemperatureSampleEvEUlvE_)
                  00004b93    00000001     --HOLE-- [fill = 0]
                  00004b94    00000039     main.obj (.const:.typeinfo:_ZTSZN24DS18B20TemperatureSample18sendConvertCommandEvEUlvE_)
                  00004bcd    00000001     --HOLE-- [fill = 0]
                  00004bce    00000035     main.obj (.const:.typeinfo:_ZTSZN24DS18B20TemperatureSample13isConvertDoneEvEUlvE0_)
                  00004c03    00000001     --HOLE-- [fill = 0]
                  00004c04    00000034     main.obj (.const:.typeinfo:_ZTSZN24DS18B20TemperatureSample13isConvertDoneEvEUlvE_)
                  00004c38    0000002c     MspTar.obj (.const:_ZTVNSt3__210__function6__baseIFvvEEE)
                  00004c64    0000002c     main.obj (.const:_ZTVNSt3__210__function6__funcIZN12ResetDS18B2010startResetEvEUlvE_NS_9allocatorIS3_EEFvvEEE)
                  00004c90    0000002c     main.obj (.const:_ZTVNSt3__210__function6__funcIZN12ResetDS18B206pullUpEvEUlvE_NS_9allocatorIS3_EEFvvEEE)
                  00004cbc    0000002c     HardwareSerial.obj (.const:_ZTVNSt3__210__function6__funcIZN14HardwareSerialC1EvEUlvE_NS_9allocatorIS3_EEFvvEEE)
                  00004ce8    0000002c     main.obj (.const:_ZTVNSt3__210__function6__funcIZN24DS18B20TemperatureSample13isConvertDoneEvEUlvE0_NS_9allocatorIS3_EEFvvEEE)
                  00004d14    0000002c     main.obj (.const:_ZTVNSt3__210__function6__funcIZN24DS18B20TemperatureSample13isConvertDoneEvEUlvE_NS_9allocatorIS3_EEFvvEEE)
                  00004d40    0000002c     main.obj (.const:_ZTVNSt3__210__function6__funcIZN24DS18B20TemperatureSample18sendConvertCommandEvEUlvE_NS_9allocatorIS3_EEFvvEEE)
                  00004d6c    0000002c     main.obj (.const:_ZTVNSt3__210__function6__funcIZN24DS18B20TemperatureSample22startTemperatureSampleEvEUlvE_NS_9allocatorIS3_EEFvvEEE)
                  00004d98    0000002c     MspTar.obj (.const:_ZTVNSt3__210__function6__funcIZN6MspTar4InitEvEUlvE_NS_9allocatorIS3_EEFvvEEE)
                  00004dc4    0000002c     main.obj (.const:_ZTVNSt3__210__function6__funcIZN6TickerC1EvEUlvE_NS_9allocatorIS3_EEFvvEEE)
                  00004df0    0000002c     main.obj (.const:_ZTVNSt3__210__function6__funcIZN7DS18B20C1EvEUlvE_NS_9allocatorIS3_EEFvvEEE)
                  00004e1c    00000028     rts430x_lc_rd_eabi_eh.lib : typeinfo.c.obj (.const:.typeinfo:_ZTSN10__cxxabiv123__fundamental_type_infoE)
                  00004e44    00000026                               : typeinfo.c.obj (.const:.typeinfo:_ZTSN10__cxxabiv121__vmi_class_type_infoE)
                  00004e6a    00000025                               : typeinfo.c.obj (.const:.typeinfo:_ZTSN10__cxxabiv120__si_class_type_infoE)
                  00004e8f    00000001     --HOLE-- [fill = 0]
                  00004e90    00000025     main.obj (.const:.typeinfo:_ZTSZN12ResetDS18B2010startResetEvEUlvE_)
                  00004eb5    00000001     --HOLE-- [fill = 0]
                  00004eb6    00000024     rts430x_lc_rd_eabi_eh.lib : typeinfo.c.obj (.const:.typeinfo:_ZTSN10__cxxabiv119__pointer_type_infoE)
                  00004eda    00000022                               : typeinfo.c.obj (.const:.typeinfo:_ZTSN10__cxxabiv117__class_type_infoE)
                  00004efc    00000022                               : typeinfo.c.obj (.const:.typeinfo:_ZTSN10__cxxabiv117__pbase_type_infoE)
                  00004f1e    00000022     MspTar.obj (.const:.typeinfo:_ZTSNSt3__210__function6__baseIFvvEEE)
                  00004f40    00000020     main.obj (.const:.typeinfo:_ZTSZN12ResetDS18B206pullUpEvEUlvE_)
                  00004f60    0000001e     rts430x_lc_rd_eabi_eh.lib : stdlib_typeinfo.cpp.obj (.const:.string)
                  00004f7e    0000001c     main.obj (.const:.typeinfo:_ZTI24DS18B20TemperatureSample)
                  00004f9a    0000001c     gpio.obj (.const:GPIO_PORT_TO_BASE)
                  00004fb6    0000001c     MspTar.obj (.const:_ZTV3Tar)
                  00004fd2    0000001c     MspTar.obj (.const:_ZTV6MspTar)
                  00004fee    0000001b     main.obj (.const:.typeinfo:_ZTS24DS18B20TemperatureSample)
                  00005009    00000001     --HOLE-- [fill = 0]
                  0000500a    00000015     main.obj (.const:.typeinfo:_ZTS18BasicGpioOperation)
                  0000501f    00000001     --HOLE-- [fill = 0]
                  00005020    00000015     main.obj (.const:.typeinfo:_ZTSZN7DS18B20C1EvEUlvE_)
                  00005035    00000001     --HOLE-- [fill = 0]
                  00005036    00000014     main.obj (.const:.typeinfo:_ZTI12DataExchange)
                  0000504a    00000014     main.obj (.const:.typeinfo:_ZTI12ResetDS18B20)
                  0000505e    00000014     main.obj (.const:.typeinfo:_ZTI7DS18B20)
                  00005072    00000014     MspTar.obj (.const:.typeinfo:_ZTSZN6TickerC1EvEUlvE_)
                  00005086    00000014     rts430x_lc_rd_eabi_eh.lib : stdlib_typeinfo.cpp.obj (.const:_ZTVSt10bad_typeid)
                  0000509a    00000014                               : stdexcept.cpp.obj (.const:_ZTVSt11logic_error)
                  000050ae    00000014                               : stdexcept.cpp.obj (.const:_ZTVSt12length_error)
                  000050c2    00000014                               : stdlib_exception.cpp.obj (.const:_ZTVSt13bad_exception)
                  000050d6    00000014                               : stdlib_exception.cpp.obj (.const:_ZTVSt9bad_alloc)
                  000050ea    00000014                               : stdlib_exception.cpp.obj (.const:_ZTVSt9exception)
                  000050fe    00000012                               : stdlib_exception.cpp.obj (.const:.typeinfo:_ZTSSt13bad_exception)
                  00005110    00000011                               : stdexcept.cpp.obj (.const:.typeinfo:_ZTSSt12length_error)
                  00005121    00000001     --HOLE-- [fill = 0]
                  00005122    00000010                               : stdexcept.cpp.obj (.const:.typeinfo:_ZTSSt11logic_error)
                  00005132    00000010     main.obj (.const:_ZTV12DataExchange)
                  00005142    00000010     main.obj (.const:_ZTV12ResetDS18B20)
                  00005152    00000010     rts430x_lc_rd_eabi_eh.lib : typeinfo.c.obj (.const:_ZTVN10__cxxabiv117__class_type_infoE)
                  00005162    00000010                               : typeinfo.c.obj (.const:_ZTVN10__cxxabiv120__si_class_type_infoE)
                  00005172    00000010                               : typeinfo.c.obj (.const:_ZTVN10__cxxabiv121__vmi_class_type_infoE)
                  00005182    00000010                               : typeinfo.c.obj (.const:_ZTVN10__cxxabiv123__fundamental_type_infoE)
                  00005192    0000000f     main.obj (.const:.typeinfo:_ZTS12DataExchange)
                  000051a1    00000001     --HOLE-- [fill = 0]
                  000051a2    0000000f     main.obj (.const:.typeinfo:_ZTS12ResetDS18B20)
                  000051b1    00000001     --HOLE-- [fill = 0]
                  000051b2    0000000f     rts430x_lc_rd_eabi_eh.lib : stdlib_typeinfo.cpp.obj (.const:.typeinfo:_ZTSSt10bad_typeid)
                  000051c1    00000001     --HOLE-- [fill = 0]
                  000051c2    0000000e     hardware.obj (.const:$P$T6$1)
                  000051d0    0000000d     rts430x_lc_rd_eabi_eh.lib : stdlib_exception.cpp.obj (.const:.typeinfo:_ZTSSt9bad_alloc)
                  000051dd    00000001     --HOLE-- [fill = 0]
                  000051de    0000000d                               : stdlib_exception.cpp.obj (.const:.typeinfo:_ZTSSt9exception)
                  000051eb    00000001     --HOLE-- [fill = 0]
                  000051ec    0000000d                               : stdlib_typeinfo.cpp.obj (.const:.typeinfo:_ZTSSt9type_info)
                  000051f9    00000001     --HOLE-- [fill = 0]
                  000051fa    0000000c     HardwareSerial.obj (.const:$P$T314$6)
                  00005206    0000000c     main.obj (.const:.typeinfo:_ZTI5Timer)
                  00005212    0000000c     MspTar.obj (.const:.typeinfo:_ZTI6MspTar)
                  0000521e    0000000c     main.obj (.const:.typeinfo:_ZTI6Ticker)
                  0000522a    0000000c     rts430x_lc_rd_eabi_eh.lib : typeinfo.c.obj (.const:.typeinfo:_ZTIN10__cxxabiv117__class_type_infoE)
                  00005236    0000000c                               : typeinfo.c.obj (.const:.typeinfo:_ZTIN10__cxxabiv117__pbase_type_infoE)
                  00005242    0000000c                               : typeinfo.c.obj (.const:.typeinfo:_ZTIN10__cxxabiv119__pointer_type_infoE)
                  0000524e    0000000c                               : typeinfo.c.obj (.const:.typeinfo:_ZTIN10__cxxabiv120__si_class_type_infoE)
                  0000525a    0000000c                               : typeinfo.c.obj (.const:.typeinfo:_ZTIN10__cxxabiv121__vmi_class_type_infoE)
                  00005266    0000000c                               : typeinfo.c.obj (.const:.typeinfo:_ZTIN10__cxxabiv123__fundamental_type_infoE)
                  00005272    0000000c     main.obj (.const:.typeinfo:_ZTINSt3__210__function6__funcIZN12ResetDS18B2010startResetEvEUlvE_NS_9allocatorIS3_EEFvvEEE)
                  0000527e    0000000c     main.obj (.const:.typeinfo:_ZTINSt3__210__function6__funcIZN12ResetDS18B206pullUpEvEUlvE_NS_9allocatorIS3_EEFvvEEE)
                  0000528a    0000000c     HardwareSerial.obj (.const:.typeinfo:_ZTINSt3__210__function6__funcIZN14HardwareSerialC1EvEUlvE_NS_9allocatorIS3_EEFvvEEE)
                  00005296    0000000c     main.obj (.const:.typeinfo:_ZTINSt3__210__function6__funcIZN24DS18B20TemperatureSample13isConvertDoneEvEUlvE0_NS_9allocatorIS3_EEFvvEEE)
                  000052a2    0000000c     main.obj (.const:.typeinfo:_ZTINSt3__210__function6__funcIZN24DS18B20TemperatureSample13isConvertDoneEvEUlvE_NS_9allocatorIS3_EEFvvEEE)
                  000052ae    0000000c     main.obj (.const:.typeinfo:_ZTINSt3__210__function6__funcIZN24DS18B20TemperatureSample18sendConvertCommandEvEUlvE_NS_9allocatorIS3_EEFvvEEE)
                  000052ba    0000000c     main.obj (.const:.typeinfo:_ZTINSt3__210__function6__funcIZN24DS18B20TemperatureSample22startTemperatureSampleEvEUlvE_NS_9allocatorIS3_EEFvvEEE)
                  000052c6    0000000c     MspTar.obj (.const:.typeinfo:_ZTINSt3__210__function6__funcIZN6MspTar4InitEvEUlvE_NS_9allocatorIS3_EEFvvEEE)
                  000052d2    0000000c     main.obj (.const:.typeinfo:_ZTINSt3__210__function6__funcIZN6TickerC1EvEUlvE_NS_9allocatorIS3_EEFvvEEE)
                  000052de    0000000c     main.obj (.const:.typeinfo:_ZTINSt3__210__function6__funcIZN7DS18B20C1EvEUlvE_NS_9allocatorIS3_EEFvvEEE)
                  000052ea    0000000c     rts430x_lc_rd_eabi_eh.lib : stdlib_typeinfo.cpp.obj (.const:.typeinfo:_ZTISt10bad_typeid)
                  000052f6    0000000c                               : stdexcept.cpp.obj (.const:.typeinfo:_ZTISt11logic_error)
                  00005302    0000000c                               : stdexcept.cpp.obj (.const:.typeinfo:_ZTISt12length_error)
                  0000530e    0000000c                               : stdlib_exception.cpp.obj (.const:.typeinfo:_ZTISt13bad_exception)
                  0000531a    0000000c                               : stdlib_exception.cpp.obj (.const:.typeinfo:_ZTISt9bad_alloc)
                  00005326    0000000c     main.obj (.const:_ZTV5Timer)
                  00005332    0000000c     main.obj (.const:_ZTV6Ticker)
                  0000533e    0000000c     main.obj (.const:_ZTV9TimerBase)
                  0000534a    0000000b     main.obj (.const:.typeinfo:_ZTS9TimerBase)
                  00005355    00000001     --HOLE-- [fill = 0]
                  00005356    0000000a     rts430x_lc_rd_eabi_eh.lib : tdeh_cpp_abi.cpp.obj (.const:.string)
                  00005360    00000009     main.obj (.const:.typeinfo:_ZTS7DS18B20)
                  00005369    00000001     --HOLE-- [fill = 0]
                  0000536a    00000008     main.obj (.const:.typeinfo:_ZTI18BasicGpioOperation)
                  00005372    00000008     MspTar.obj (.const:.typeinfo:_ZTI3Tar)
                  0000537a    00000008     main.obj (.const:.typeinfo:_ZTI9TimerBase)
                  00005382    00000008     MspTar.obj (.const:.typeinfo:_ZTINSt3__210__function6__baseIFvvEEE)
                  0000538a    00000008     rts430x_lc_rd_eabi_eh.lib : stdlib_exception.cpp.obj (.const:.typeinfo:_ZTISt9exception)
                  00005392    00000008                               : stdlib_typeinfo.cpp.obj (.const:.typeinfo:_ZTISt9type_info)
                  0000539a    00000008                               : typeinfo.c.obj (.const:.typeinfo:_ZTIv)
                  000053a2    00000008     MspTar.obj (.const:.typeinfo:_ZTS6MspTar)
                  000053aa    00000008     main.obj (.const:.typeinfo:_ZTS6Ticker)
                  000053b2    00000007     main.obj (.const:.typeinfo:_ZTS5Timer)
                  000053b9    00000001     --HOLE-- [fill = 0]
                  000053ba    00000005     MspTar.obj (.const:.typeinfo:_ZTS3Tar)
                  000053bf    00000001     --HOLE-- [fill = 0]
                  000053c0    00000003     main.obj (.const:.string:$P$T42$1)
                  000053c3    00000001     --HOLE-- [fill = 0]
                  000053c4    00000002     rts430x_lc_rd_eabi_eh.lib : typeinfo.c.obj (.const:.typeinfo:_ZTSv)

RTC        0    0000ffd2    00000002     
                  0000ffd2    00000002     rts430x_lc_rd_eabi_eh.lib : int41.asm.obj (.int41)

PORT2      0    0000ffd4    00000002     
                  0000ffd4    00000002     hardware.obj (.int42)

TIMER2_A1 
*          0    0000ffd6    00000002     
                  0000ffd6    00000002     rts430x_lc_rd_eabi_eh.lib : int43.asm.obj (.int43)

TIMER2_A0 
*          0    0000ffd8    00000002     
                  0000ffd8    00000002     rts430x_lc_rd_eabi_eh.lib : int44.asm.obj (.int44)

USCI_B1    0    0000ffda    00000002     
                  0000ffda    00000002     rts430x_lc_rd_eabi_eh.lib : int45.asm.obj (.int45)

USCI_A1    0    0000ffdc    00000002     
                  0000ffdc    00000002     rts430x_lc_rd_eabi_eh.lib : int46.asm.obj (.int46)

PORT1      0    0000ffde    00000002     
                  0000ffde    00000002     rts430x_lc_rd_eabi_eh.lib : int47.asm.obj (.int47)

TIMER1_A1 
*          0    0000ffe0    00000002     
                  0000ffe0    00000002     rts430x_lc_rd_eabi_eh.lib : int48.asm.obj (.int48)

TIMER1_A0 
*          0    0000ffe2    00000002     
                  0000ffe2    00000002     rts430x_lc_rd_eabi_eh.lib : int49.asm.obj (.int49)

DMA        0    0000ffe4    00000002     
                  0000ffe4    00000002     rts430x_lc_rd_eabi_eh.lib : int50.asm.obj (.int50)

USB_UBM    0    0000ffe6    00000002     
                  0000ffe6    00000002     rts430x_lc_rd_eabi_eh.lib : int51.asm.obj (.int51)

TIMER0_A1 
*          0    0000ffe8    00000002     
                  0000ffe8    00000002     rts430x_lc_rd_eabi_eh.lib : int52.asm.obj (.int52)

TIMER0_A0 
*          0    0000ffea    00000002     
                  0000ffea    00000002     hardware.obj (.int53)

ADC12      0    0000ffec    00000002     
                  0000ffec    00000002     rts430x_lc_rd_eabi_eh.lib : int54.asm.obj (.int54)

USCI_B0    0    0000ffee    00000002     
                  0000ffee    00000002     rts430x_lc_rd_eabi_eh.lib : int55.asm.obj (.int55)

USCI_A0    0    0000fff0    00000002     
                  0000fff0    00000002     hardware.obj (.int56)

WDT        0    0000fff2    00000002     
                  0000fff2    00000002     rts430x_lc_rd_eabi_eh.lib : int57.asm.obj (.int57)

TIMER0_B1 
*          0    0000fff4    00000002     
                  0000fff4    00000002     rts430x_lc_rd_eabi_eh.lib : int58.asm.obj (.int58)

TIMER0_B0 
*          0    0000fff6    00000002     
                  0000fff6    00000002     rts430x_lc_rd_eabi_eh.lib : int59.asm.obj (.int59)

COMP_B     0    0000fff8    00000002     
                  0000fff8    00000002     rts430x_lc_rd_eabi_eh.lib : int60.asm.obj (.int60)

UNMI       0    0000fffa    00000002     
                  0000fffa    00000002     rts430x_lc_rd_eabi_eh.lib : int61.asm.obj (.int61)

SYSNMI     0    0000fffc    00000002     
                  0000fffc    00000002     rts430x_lc_rd_eabi_eh.lib : int62.asm.obj (.int62)

.reset     0    0000fffe    00000002     
                  0000fffe    00000002     rts430x_lc_rd_eabi_eh.lib : boot.c.obj (.reset)

.mspabi.exidx 
*          0    000053fc    000003d8     
                  000053fc    00000008     hardware.obj (.mspabi.exidx:.text:_isr:_Z11USCI_A0_ISRv)
                  00005404    00000008     (.mspabi.exidx.text:_isr:_c_int00_noargs:rts430x_lc_rd_eabi_eh.lib<boot.c.obj>)
                  0000540c    00000008     rts430x_lc_rd_eabi_eh.lib : rtti.c.obj (.mspabi.exidx:.text:_ZN27_INTERNAL_6_rtti_c_066a44b028derived_to_base_conversion_rEPvPS0_PKN10__cxxabiv117__class_type_infoES5_jPiiPS5_P19a_result_virtualityS6_)
                  00005414    00000008     (.mspabi.exidx.text:_ZNSt3__210__function6__funcIZN24DS18B20TemperatureSample13isConvertDoneEvEUlvE_NS_9allocatorIS3_EEFvvEEclEv:main.obj)
                  0000541c    00000008                               : tdeh_pr_common.cpp.obj (.mspabi.exidx:.text:_ZN40_INTERNAL_18_tdeh_pr_common_cpp_740245dd14process_fespecEP19_Unwind_Exception_s13_Unwind_PhaseP15_Unwind_ContextPPmmmP19_Unwind_Reason_CodePb)
                  00005424    00000008     HardwareSerial.obj (.mspabi.exidx:.text:_ZNKSt3__210__function6__funcIZN14HardwareSerialC1EvEUlvE_NS_9allocatorIS3_EEFvvEE7__cloneEv)
                  0000542c    00000008     (.mspabi.exidx.text:_ZNKSt3__210__function6__funcIZN12ResetDS18B2010startResetEvEUlvE_NS_9allocatorIS3_EEFvvEE7__cloneEv:main.obj)
                  00005434    00000008     rts430x_lc_rd_eabi_eh.lib : tdeh_cpp_abi.cpp.obj (.mspabi.exidx:.text:__cxa_type_match)
                  0000543c    00000008     (.mspabi.exidx.text:_ZNSt3__210__function6__funcIZN24DS18B20TemperatureSample22startTemperatureSampleEvEUlvE_NS_9allocatorIS3_EEFvvEEclEv:main.obj)
                  00005444    00000008                               : tdeh_pr_common.cpp.obj (.mspabi.exidx:.text:_ZN40_INTERNAL_18_tdeh_pr_common_cpp_740245dd13process_catchEP19_Unwind_Exception_s13_Unwind_PhaseP15_Unwind_ContextPPmmmP19_Unwind_Reason_Code)
                  0000544c    00000008                               : tdeh_cpp_abi.cpp.obj (.mspabi.exidx:.text:__cxa_call_unexpected)
                  00005454    00000008     (.mspabi.exidx.text:_ZNKSt3__210__function6__funcIZN14HardwareSerialC1EvEUlvE_NS_9allocatorIS3_EEFvvEE7__cloneEPNS0_6__baseIS6_EE:HardwareSerial.obj)
                  0000545c    00000008     MspTar.obj (.mspabi.exidx:.text:_ZNSt3__24listIN4Task10TaskStructENS_9allocatorIS2_EEE9push_backERKS2_)
                  00005464    00000008     (.mspabi.exidx.text:USCI_A_UART_init:usci_a_uart.obj)
                  0000546c    00000008     Tar.obj (.mspabi.exidx:.text:_ZNSt3__24listIhNS_9allocatorIhEEE10push_frontEOh)
                  00005474    00000008     rts430x_lc_rd_eabi_eh.lib : tdeh_pr_msp430.cpp.obj (.mspabi.exidx:.text:_ZN40_INTERNAL_18_tdeh_pr_msp430_cpp_ead9744d18__TI_unwind_cpp_prE13_Unwind_PhaseP19_Unwind_Exception_sP15_Unwind_Context15_Unwind_PR_Kind)
                  0000547c    00000008     (.mspabi.exidx.text:_ZN24DS18B20TemperatureSample13isConvertDoneEv:main.obj)
                  00005484    00000008     Tar.obj (.mspabi.exidx:.text:_ZNSt3__24listIhNS_9allocatorIhEEE10push_frontERKh)
                  0000548c    00000008     (.mspabi.exidx.text:_ZN24DS18B20TemperatureSampleC2Ev:main.obj)
                  00005494    00000008     rts430x_lc_rd_eabi_eh.lib : rtti.c.obj (.mspabi.exidx:.text:__derived_to_base_conversion)
                  0000549c    00000008                               : tdeh_unwinder.cpp.obj (.mspabi.exidx:.text:_ZN39_INTERNAL_17_tdeh_unwinder_cpp_f8f63fad16find_et_setup_prEP19_Unwind_Exception_sm)
                  000054a4    00000008     HardwareSerial.obj (.mspabi.exidx:.text:_ZN14HardwareSerialC1Ev)
                  000054ac    00000008     (.mspabi.exidx.text:UCS_initClockSignal:ucs.obj)
                  000054b4    00000008     Tar.obj (.mspabi.exidx:.text:_ZN3Tar9StartSendEv)
                  000054bc    00000008     MspTar.obj (.mspabi.exidx:.text:_ZN6MspTarC1Ev)
                  000054c4    00000008     rts430x_lc_rd_eabi_eh.lib : tdeh_cpp_abi.cpp.obj (.mspabi.exidx:.text:__cxa_allocate_exception)
                  000054cc    00000008     (.mspabi.exidx.text:_ZN12ResetDS18B2010startResetEv:main.obj)
                  000054d4    00000008                               : tdeh_pr_common.cpp.obj (.mspabi.exidx:.text:_ZN40_INTERNAL_18_tdeh_pr_common_cpp_740245dd15process_cleanupEP19_Unwind_Exception_s13_Unwind_PhaseP15_Unwind_ContextPPmmm)
                  000054dc    00000008     (.mspabi.exidx.text:Timer_A_initUpMode:timer_a.obj)
                  000054e4    00000008                               : tdeh_cpp_abi.cpp.obj (.mspabi.exidx:.text:__cxa_get_globals)
                  000054ec    00000008                               : tdeh_pr_msp430.cpp.obj (.mspabi.exidx:.text:_Z16__TI_targ_set_prP19_Unwind_Exception_s)
                  000054f4    00000008     (.mspabi.exidx.text:_ZN40_INTERNAL_18_tdeh_pr_msp430_cpp_ead9744d12next_uw_byteEP20_Unwind_Instr_Handle:rts430x_lc_rd_eabi_eh.lib<tdeh_pr_msp430.cpp.obj>)
                  000054fc    00000008                               : tdeh_cpp_abi.cpp.obj (.mspabi.exidx:.text:__cxa_end_catch)
                  00005504    00000008     (.mspabi.exidx.text:__TI_ut_entry_cmp:rts430x_lc_rd_eabi_eh.lib<tdeh_unwinder.cpp.obj>)
                  0000550c    00000008     Tar.obj (.mspabi.exidx:.text:_ZN3Tar15PushFrameHeaderEv)
                  00005514    00000008     (.mspabi.exidx.text:_ZNSt3__210__list_impIhNS_9allocatorIhEEE5clearEv:MspTar.obj)
                  0000551c    00000008     rts430x_lc_rd_eabi_eh.lib : stdexcept.cpp.obj (.mspabi.exidx:.text:_ZNSt11logic_errorC1EPKc)
                  00005524    00000008     (.mspabi.exidx.text:PMM_setVCore:pmm.obj)
                  0000552c    00000008     MspTar.obj (.mspabi.exidx:.text:_ZNSt3__28functionIFvvEEC1ERKS2_)
                  00005534    00000008     Tar.obj (.mspabi.exidx:.text:_ZN3Tar8PushDataEh)
                  0000553c    00000008     rts430x_lc_rd_eabi_eh.lib : dtor_list.c.obj (.mspabi.exidx:.text:_Z23__finalize_destructionsPP20a_needed_destructionPv)
                  00005544    00000008                               : tdeh_unwinder.cpp.obj (.mspabi.exidx:.text:_ZN39_INTERNAL_17_tdeh_unwinder_cpp_f8f63fad17__TI_unwind_frameEP19_Unwind_Exception_sP15_Unwind_Context)
                  0000554c    00000008     (.mspabi.exidx.text:exit:rts430x_lc_rd_eabi_eh.lib<exit.c.obj>)
                  00005554    00000008                               : dtor_list.c.obj (.mspabi.exidx:.text:_Z25__add_destruction_to_listPP20a_needed_destructionPFYvPvES2_S2_)
                  0000555c    00000008                               : tdeh_unwinder.cpp.obj (.mspabi.exidx:.text:__TI_Unwind_RaiseException2)
                  00005564    00000008                               : tdeh_unwinder.cpp.obj (.mspabi.exidx:.text:__TI_Unwind_Resume)
                  0000556c    00000008     Tar.obj (.mspabi.exidx:.text:_ZN13CircularQueueIhE5clearEv)
                  00005574    00000008     Tar.obj (.mspabi.exidx:.text:_ZN3Tar16AnalysisReadListEh)
                  0000557c    00000008     MspTar.obj (.mspabi.exidx:.text:_ZN4Task3addENSt3__28functionIFvvEEE)
                  00005584    00000008     MspTar.obj (.mspabi.exidx:.text:_ZN6MspTar4InitEv)
                  0000558c    00000008     (.mspabi.exidx.text:_ZN7DS18B20D2Ev:main.obj)
                  00005594    00000008     rts430x_lc_rd_eabi_eh.lib : tdeh_cpp_abi.cpp.obj (.mspabi.exidx:.text:__cxa_begin_catch)
                  0000559c    00000008     (.mspabi.exidx.text:l_asr_const:rts430x_lc_rd_eabi_eh.lib<asr32.asm.obj>)
                  000055a4    00000008     HardwareSerial.obj (.mspabi.exidx:.text:_ZN13CircularQueueIhE9push_backEh)
                  000055ac    00000008     Tar.obj (.mspabi.exidx:.text:_ZN3Tar7GetDataEv)
                  000055b4    00000008     (.mspabi.exidx.text:_ZN24DS18B20TemperatureSampleD2Ev:main.obj)
                  000055bc    00000008     rts430x_lc_rd_eabi_eh.lib : tdeh_cpp_abi.cpp.obj (.mspabi.exidx:.text:__cxa_rethrow)
                  000055c4    00000008     (.mspabi.exidx.text:GPIO_setAsInputPin:gpio.obj)
                  000055cc    00000008                               : tdeh_cpp_abi.cpp.obj (.mspabi.exidx:.text:__cxa_throw)
                  000055d4    00000008     HardwareSerial.obj (.mspabi.exidx:.text:_ZN14HardwareSerial9startSendEv)
                  000055dc    00000008     MspTar.obj (.mspabi.exidx:.text:_ZN13CircularQueueIhE9pop_frontEv)
                  000055e4    00000008     Tar.obj (.mspabi.exidx:.text:_ZN3Tar8sendDataEPKhj)
                  000055ec    00000008     HardwareSerial.obj (.mspabi.exidx:.text:_ZN14HardwareSerial15sendDataInTxISREv)
                  000055f4    00000008     (.mspabi.exidx.text:free_list_insert:rts430x_lc_rd_eabi_eh.lib<memory.c.obj>)
                  000055fc    00000008     rts430x_lc_rd_eabi_eh.lib : stdexcept.cpp.obj (.mspabi.exidx:.text:_ZNSt11logic_errorD1Ev)
                  00005604    00000008     (.mspabi.exidx.text:_ZNSt3__210__function6__funcIZN12ResetDS18B206pullUpEvEUlvE_NS_9allocatorIS3_EEFvvEEclEv:main.obj)
                  0000560c    00000008     MspTar.obj (.mspabi.exidx:.text:_ZNSt3__29allocatorINS_11__list_nodeIN4Task10TaskStructEPvEEE9constructIS3_JRKS3_EEEvPT_DpOT0_)
                  00005614    00000008     (.mspabi.exidx.text:free_list_remove:rts430x_lc_rd_eabi_eh.lib<memory.c.obj>)
                  0000561c    00000008     rts430x_lc_rd_eabi_eh.lib : tdeh_cpp_abi.cpp.obj (.mspabi.exidx:.text:_ZN38_INTERNAL_16_tdeh_cpp_abi_cpp_89652da837__TI_setup_handler_and_call_terminateEP19_Unwind_Exception_s)
                  00005624    00000008                               : tdeh_pr_msp430.cpp.obj (.mspabi.exidx:.text:__TI_Unwind_RaiseException)
                  0000562c    00000008                               : dtor_list.c.obj (.mspabi.exidx:.text:__cxa_atexit)
                  00005634    00000008     (.mspabi.exidx.text:_ZNKSt3__28functionIFvvEEclEv:main.obj)
                  0000563c    00000008     MspTar.obj (.mspabi.exidx:.text:_ZNSt3__220__throw_length_errorEPKc)
                  00005644    00000008     (.mspabi.exidx.text:_ZNSt3__28functionIFvvEEaSIZN24DS18B20TemperatureSample13isConvertDoneEvEUlvE_vEERS2_OT_:main.obj)
                  0000564c    00000008     rts430x_lc_rd_eabi_eh.lib : tdeh_cpp_abi.cpp.obj (.mspabi.exidx:.text:_ZSt10unexpectedv)
                  00005654    00000008     (.mspabi.exidx.text:decompress:ZI:__TI_zero_init_nomemset:__TI_zero_init_nomemset:rts430x_lc_rd_eabi_eh.lib<copy_zero_init.c.obj>)
                  0000565c    00000008                               : rtti.c.obj (.mspabi.exidx:.text:__cxa_bad_typeid)
                  00005664    00000008     (.mspabi.exidx.text:USCI_A_UART_enableInterrupt:usci_a_uart.obj)
                  0000566c    00000008     HardwareSerial.obj (.mspabi.exidx:.text:_ZN14HardwareSerial5flushEv)
                  00005674    00000008     (.mspabi.exidx.text:GPIO_getInputPinValue:gpio.obj)
                  0000567c    00000008     Tar.obj (.mspabi.exidx:.text:_ZN3Tar3tarEhb)
                  00005684    00000008     (.mspabi.exidx.text:_ZNKSt3__210__function6__funcIZN14HardwareSerialC1EvEUlvE_NS_9allocatorIS3_EEFvvEE6targetERKSt9type_info:HardwareSerial.obj)
                  0000568c    00000008     HardwareSerial.obj (.mspabi.exidx:.text:_ZN14HardwareSerial4readEv)
                  00005694    00000008     (.mspabi.exidx.text:rts430x_lc_rd_eabi_eh.lib<mult16_f5hw.asm.obj>)
                  0000569c    00000008     rts430x_lc_rd_eabi_eh.lib : typeinfo.c.obj (.mspabi.exidx:.text:_ZN10__cxxabiv120__si_class_type_infoD0Ev)
                  000056a4    00000008     (.mspabi.exidx.text:_ZN38_INTERNAL_16_tdeh_cpp_abi_cpp_89652da810is_similarEPKSt9type_infoS2_:rts430x_lc_rd_eabi_eh.lib<tdeh_cpp_abi.cpp.obj>)
                  000056ac    00000008     MspTar.obj (.mspabi.exidx:.text:_ZN6MspTar9OnReceiveER13CircularQueueIhE)
                  000056b4    00000008     MspTar.obj (.mspabi.exidx:.text:_ZNSt12length_errorC1EPKc)
                  000056bc    00000008     (.mspabi.exidx.text:heap_start:rts430x_lc_rd_eabi_eh.lib<memory.c.obj>)
                  000056c4    00000008     rts430x_lc_rd_eabi_eh.lib : typeinfo.c.obj (.mspabi.exidx:.text:_ZN10__cxxabiv117__class_type_infoD0Ev)
                  000056cc    00000008     (.mspabi.exidx.text:_ZN13CircularQueueIhE10QueueIndexppEi:MspTar.obj)
                  000056d4    00000008                               : stdlib_typeinfo.cpp.obj (.mspabi.exidx:.text:_ZNSt10bad_typeidD0Ev)
                  000056dc    00000008     (.mspabi.exidx.text:_ZNSt11logic_errorD0Ev:rts430x_lc_rd_eabi_eh.lib<stdexcept.cpp.obj>)
                  000056e4    00000008                               : tdeh_cpp_abi.cpp.obj (.mspabi.exidx:.text:__TI_cxa_end_cleanup)
                  000056ec    00000008     (.mspabi.exidx.text:decompress:none:__TI_decompress_none:rts430x_lc_rd_eabi_eh.lib<copy_decompress_none.c.obj>)
                  000056f4    00000008                               : typeinfo.c.obj (.mspabi.exidx:.text:_ZN10__cxxabiv117__class_type_infoD1Ev)
                  000056fc    00000008     (.mspabi.exidx.text:_ZN13CircularQueueIhE5emptyEv:HardwareSerial.obj)
                  00005704    00000008                               : stdlib_typeinfo.cpp.obj (.mspabi.exidx:.text:_ZNSt10bad_typeidD1Ev)
                  0000570c    00000008     (.mspabi.exidx.text:_ZNSt12length_errorD1Ev:rts430x_lc_rd_eabi_eh.lib<stdexcept.cpp.obj>)
                  00005714    00000008     HardwareSerial.obj (.mspabi.exidx:.text:_ZNSt3__210__function6__funcIZN14HardwareSerialC1EvEUlvE_NS_9allocatorIS3_EEFvvEEclEv)
                  0000571c    00000008     (.mspabi.exidx.text:_ZNSt3__210__function6__funcIZN24DS18B20TemperatureSample18sendConvertCommandEvEUlvE_NS_9allocatorIS3_EEFvvEEclEv:main.obj)
                  00005724    00000008     MspTar.obj (.mspabi.exidx:.text:_ZNSt3__210__function6__funcIZN6MspTar4InitEvEUlvE_NS_9allocatorIS3_EEFvvEEclEv)
                  0000572c    00000008     (.mspabi.exidx.text:_ZNSt3__210__list_impIN4Task10TaskStructENS_9allocatorIS2_EEED1Ev:main.obj)
                  00005734    00000008     MspTar.obj (.mspabi.exidx:.text:_ZNSt3__24listIN9TimerBase4TaskENS_9allocatorIS2_EEED1Ev)
                  0000573c    00000008     (.mspabi.exidx.text:strlen:rts430x_lc_rd_eabi_eh.lib<strlen.c.obj>)
                  00005744    00000008     MspTar.obj (.mspabi.exidx:.text:_ZN6MspTar17availableForWriteEv)
                  0000574c    00000008     (.mspabi.exidx.text:_ZZN6TickerC1EvENKUlvE_clEv:main.obj)
                  00005754    00000008     rts430x_lc_rd_eabi_eh.lib : dtor_list.c.obj (.mspabi.exidx:.text:__cxa_ia64_exit)
                  0000575c    00000008     (.mspabi.exidx.text:_Z22__TI_targ_rtti_addressPmP15_Unwind_Context:rts430x_lc_rd_eabi_eh.lib<tdeh_pr_msp430.cpp.obj>)
                  00005764    00000008     HardwareSerial.obj (.mspabi.exidx:.text:_ZN14HardwareSerial17availableForWriteEv)
                  0000576c    00000008     (.mspabi.exidx.text:_ZNSt3__210__function6__funcIZN12ResetDS18B2010startResetEvEUlvE_NS_9allocatorIS3_EEFvvEE18destroy_deallocateEv:main.obj)
                  00005774    00000008     rts430x_lc_rd_eabi_eh.lib : new.cpp.obj (.mspabi.exidx:.text:_ZdlPv)
                  0000577c    00000008     (.mspabi.exidx.text:rts430x_lc_rd_eabi_eh.lib<lsl16.asm.obj>)
                  00005784    00000008                               : tdeh_cpp_abi.cpp.obj (.mspabi.exidx:.text:_ZN38_INTERNAL_16_tdeh_cpp_abi_cpp_89652da825__TI_default_term_handlerEv)
                  0000578c    00000008     (.mspabi.exidx.text:_ZNSt3__210__function6__baseIFvvEED0Ev:MspTar.obj)
                  00005794    00000008                               : tdeh_pr_msp430.cpp.obj (.mspabi.exidx:.text:__mspabi_unwind_cpp_pr0)
                  0000579c    00000008     (.mspabi.exidx.text:malloc:rts430x_lc_rd_eabi_eh.lib<memory.c.obj>)
                  000057a4    00000008                               : tdeh_pr_msp430.cpp.obj (.mspabi.exidx:.text:_Z24__TI_targ_regbuf_installP15_Unwind_Context)
                  000057ac    00000008     (.mspabi.exidx.text:_ZN13CircularQueueIhE4sizeEv:HardwareSerial.obj)
                  000057b4    00000008     HardwareSerial.obj (.mspabi.exidx:.text:_ZN14HardwareSerial9availableEv)
                  000057bc    00000008     (.mspabi.exidx.text:_ZN9TimerBaseD2Ev:MspTar.obj)
                  000057c4    00000008     rts430x_lc_rd_eabi_eh.lib : new.cpp.obj (.mspabi.exidx:.text:_Znaj)
                  000057cc    00000008     (.mspabi.exidx.text:abort:rts430x_lc_rd_eabi_eh.lib<exit.c.obj>)

.text      0    00010000    00006dfa     
                  00010000    0000029a     rts430x_lc_rd_eabi_eh.lib : rtti.c.obj (.text:_ZN27_INTERNAL_6_rtti_c_066a44b028derived_to_base_conversion_rEPvPS0_PKN10__cxxabiv117__class_type_infoES5_jPiiPS5_P19a_result_virtualityS6_)
                  0001029a    0000021e     main.obj (.text:_ZNSt3__210__function6__funcIZN24DS18B20TemperatureSample13isConvertDoneEvEUlvE_NS_9allocatorIS3_EEFvvEEclEv)
                  000104b8    000001da     main.obj (.text:main)
                  00010692    000001d6     rts430x_lc_rd_eabi_eh.lib : tdeh_pr_common.cpp.obj (.text:_ZN40_INTERNAL_18_tdeh_pr_common_cpp_740245dd14process_fespecEP19_Unwind_Exception_s13_Unwind_PhaseP15_Unwind_ContextPPmmmP19_Unwind_Reason_CodePb)
                  00010868    000001ae     HardwareSerial.obj (.text:_ZNKSt3__210__function6__funcIZN14HardwareSerialC1EvEUlvE_NS_9allocatorIS3_EEFvvEE7__cloneEv)
                  00010a16    000001ae     MspTar.obj (.text:_ZNKSt3__210__function6__funcIZN6MspTar4InitEvEUlvE_NS_9allocatorIS3_EEFvvEE7__cloneEv)
                  00010bc4    00000194     main.obj (.text:_ZNKSt3__210__function6__funcIZN12ResetDS18B2010startResetEvEUlvE_NS_9allocatorIS3_EEFvvEE7__cloneEv)
                  00010d58    00000194     main.obj (.text:_ZNKSt3__210__function6__funcIZN12ResetDS18B206pullUpEvEUlvE_NS_9allocatorIS3_EEFvvEE7__cloneEv)
                  00010eec    00000194     main.obj (.text:_ZNKSt3__210__function6__funcIZN24DS18B20TemperatureSample13isConvertDoneEvEUlvE0_NS_9allocatorIS3_EEFvvEE7__cloneEv)
                  00011080    00000194     main.obj (.text:_ZNKSt3__210__function6__funcIZN24DS18B20TemperatureSample13isConvertDoneEvEUlvE_NS_9allocatorIS3_EEFvvEE7__cloneEv)
                  00011214    00000194     main.obj (.text:_ZNKSt3__210__function6__funcIZN24DS18B20TemperatureSample18sendConvertCommandEvEUlvE_NS_9allocatorIS3_EEFvvEE7__cloneEv)
                  000113a8    00000194     main.obj (.text:_ZNKSt3__210__function6__funcIZN24DS18B20TemperatureSample22startTemperatureSampleEvEUlvE_NS_9allocatorIS3_EEFvvEE7__cloneEv)
                  0001153c    00000194     main.obj (.text:_ZNKSt3__210__function6__funcIZN6TickerC1EvEUlvE_NS_9allocatorIS3_EEFvvEE7__cloneEv)
                  000116d0    00000194     main.obj (.text:_ZNKSt3__210__function6__funcIZN7DS18B20C1EvEUlvE_NS_9allocatorIS3_EEFvvEE7__cloneEv)
                  00011864    00000176     main.obj (.text:__sti___6_main_c_task)
                  000119da    00000170     rts430x_lc_rd_eabi_eh.lib : tdeh_cpp_abi.cpp.obj (.text:__cxa_type_match)
                  00011b4a    0000016e     main.obj (.text:_ZNSt3__210__function6__funcIZN24DS18B20TemperatureSample22startTemperatureSampleEvEUlvE_NS_9allocatorIS3_EEFvvEEclEv)
                  00011cb8    00000160     rts430x_lc_rd_eabi_eh.lib : tdeh_pr_msp430.cpp.obj (.text:_ZN40_INTERNAL_18_tdeh_pr_msp430_cpp_ead9744d14process_unwindEP15_Unwind_Context15_Unwind_PR_KindPm)
                  00011e18    0000015e                               : tdeh_pr_common.cpp.obj (.text:_ZN40_INTERNAL_18_tdeh_pr_common_cpp_740245dd13process_catchEP19_Unwind_Exception_s13_Unwind_PhaseP15_Unwind_ContextPPmmmP19_Unwind_Reason_Code)
                  00011f76    00000158                               : tdeh_pr_common.cpp.obj (.text:_Z24__TI_process_descriptors13_Unwind_PhaseP19_Unwind_Exception_sP15_Unwind_Context15_Unwind_PR_KindPmP19_Unwind_Reason_CodePb)
                  000120ce    00000158                               : tdeh_cpp_abi.cpp.obj (.text:__cxa_call_unexpected)
                  00012226    00000138     HardwareSerial.obj (.text:_ZNKSt3__210__function6__funcIZN14HardwareSerialC1EvEUlvE_NS_9allocatorIS3_EEFvvEE7__cloneEPNS0_6__baseIS6_EE)
                  0001235e    00000138     MspTar.obj (.text:_ZNKSt3__210__function6__funcIZN6MspTar4InitEvEUlvE_NS_9allocatorIS3_EEFvvEE7__cloneEPNS0_6__baseIS6_EE)
                  00012496    00000128     main.obj (.text:_ZNSt3__28functionIFvvEE4swapERS2_)
                  000125be    0000011e     main.obj (.text:_ZN5Timer6handleEv)
                  000126dc    00000118     main.obj (.text:_ZN7DS18B20C2Ev)
                  000127f4    00000116     main.obj (.text:_ZNKSt3__210__function6__funcIZN12ResetDS18B2010startResetEvEUlvE_NS_9allocatorIS3_EEFvvEE7__cloneEPNS0_6__baseIS6_EE)
                  0001290a    00000116     main.obj (.text:_ZNKSt3__210__function6__funcIZN12ResetDS18B206pullUpEvEUlvE_NS_9allocatorIS3_EEFvvEE7__cloneEPNS0_6__baseIS6_EE)
                  00012a20    00000116     main.obj (.text:_ZNKSt3__210__function6__funcIZN24DS18B20TemperatureSample13isConvertDoneEvEUlvE0_NS_9allocatorIS3_EEFvvEE7__cloneEPNS0_6__baseIS6_EE)
                  00012b36    00000116     main.obj (.text:_ZNKSt3__210__function6__funcIZN24DS18B20TemperatureSample13isConvertDoneEvEUlvE_NS_9allocatorIS3_EEFvvEE7__cloneEPNS0_6__baseIS6_EE)
                  00012c4c    00000116     main.obj (.text:_ZNKSt3__210__function6__funcIZN24DS18B20TemperatureSample18sendConvertCommandEvEUlvE_NS_9allocatorIS3_EEFvvEE7__cloneEPNS0_6__baseIS6_EE)
                  00012d62    00000116     main.obj (.text:_ZNKSt3__210__function6__funcIZN24DS18B20TemperatureSample22startTemperatureSampleEvEUlvE_NS_9allocatorIS3_EEFvvEE7__cloneEPNS0_6__baseIS6_EE)
                  00012e78    00000116     main.obj (.text:_ZNKSt3__210__function6__funcIZN6TickerC1EvEUlvE_NS_9allocatorIS3_EEFvvEE7__cloneEPNS0_6__baseIS6_EE)
                  00012f8e    00000116     main.obj (.text:_ZNKSt3__210__function6__funcIZN7DS18B20C1EvEUlvE_NS_9allocatorIS3_EEFvvEE7__cloneEPNS0_6__baseIS6_EE)
                  000130a4    00000112     rts430x_lc_rd_eabi_eh.lib : memory.c.obj (.text:aligned_alloc)
                  000131b6    0000010a     HardwareSerial.obj (.text:_ZNSt3__28functionIFvvEEC1IZN14HardwareSerialC1EvEUlvE_vEET_)
                  000132c0    0000010a     MspTar.obj (.text:_ZNSt3__28functionIFvvEEC1IZN6MspTar4InitEvEUlvE_vEET_)
                  000133ca    000000fe     main.obj (.text:_ZN6Ticker6handleEv)
                  000134c8    000000fc     main.obj (.text:_ZNSt3__28functionIFvvEEC1IZN12ResetDS18B2010startResetEvEUlvE_vEET_)
                  000135c4    000000fc     main.obj (.text:_ZNSt3__28functionIFvvEEC1IZN12ResetDS18B206pullUpEvEUlvE_vEET_)
                  000136c0    000000fc     main.obj (.text:_ZNSt3__28functionIFvvEEC1IZN24DS18B20TemperatureSample13isConvertDoneEvEUlvE0_vEET_)
                  000137bc    000000fc     main.obj (.text:_ZNSt3__28functionIFvvEEC1IZN24DS18B20TemperatureSample13isConvertDoneEvEUlvE_vEET_)
                  000138b8    000000fc     main.obj (.text:_ZNSt3__28functionIFvvEEC1IZN24DS18B20TemperatureSample18sendConvertCommandEvEUlvE_vEET_)
                  000139b4    000000fc     main.obj (.text:_ZNSt3__28functionIFvvEEC1IZN24DS18B20TemperatureSample22startTemperatureSampleEvEUlvE_vEET_)
                  00013ab0    000000fc     main.obj (.text:_ZNSt3__28functionIFvvEEC1IZN6TickerC1EvEUlvE_vEET_)
                  00013bac    000000fc     main.obj (.text:_ZNSt3__28functionIFvvEEC1IZN7DS18B20C1EvEUlvE_vEET_)
                  00013ca8    000000e4     main.obj (.text:_ZNSt3__24listIN9TimerBase4TaskENS_9allocatorIS2_EEE9push_backERKS2_)
                  00013d8c    000000e2     ucs.obj (.text:UCS_initFLL)
                  00013e6e    000000e2     rts430x_lc_rd_eabi_eh.lib : memory.c.obj (.text:free)
                  00013f50    000000e0     pmm.obj (.text:PMM_setVCoreUp)
                  00014030    000000da     MspTar.obj (.text:_ZNSt3__24listIN4Task10TaskStructENS_9allocatorIS2_EEE9push_backERKS2_)
                  0001410a    000000d6     usci_a_uart.obj (.text:USCI_A_UART_init)
                  000141e0    000000d4     main.obj (.text:_ZNSt3__210__function6__funcIZN24DS18B20TemperatureSample13isConvertDoneEvEUlvE0_NS_9allocatorIS3_EEFvvEEclEv)
                  000142b4    000000d2     Tar.obj (.text:_ZNSt3__24listIhNS_9allocatorIhEEE10push_frontEOh)
                  00014386    000000d0     rts430x_lc_rd_eabi_eh.lib : tdeh_pr_msp430.cpp.obj (.text:_ZN40_INTERNAL_18_tdeh_pr_msp430_cpp_ead9744d18__TI_unwind_cpp_prE13_Unwind_PhaseP19_Unwind_Exception_sP15_Unwind_Context15_Unwind_PR_Kind)
                  00014456    000000ce     main.obj (.text:_ZN24DS18B20TemperatureSample13isConvertDoneEv)
                  00014524    000000ce     hardware.obj (.text:_ZN4init7initSysEv)
                  000145f2    000000ce     Tar.obj (.text:_ZNSt3__24listIhNS_9allocatorIhEEE10push_frontERKh)
                  000146c0    000000cc     Tar.obj (.text:_ZNSt3__24listIhNS_9allocatorIhEEE9push_backEOh)
                  0001478c    000000cc     Tar.obj (.text:_ZNSt3__24listIhNS_9allocatorIhEEE9push_backERKh)
                  00014858    000000c4     main.obj (.text:_ZN24DS18B20TemperatureSampleC2Ev)
                  0001491c    000000bc     main.obj (.text:_ZNSt3__210__function6__funcIZN7DS18B20C1EvEUlvE_NS_9allocatorIS3_EEFvvEEclEv)
                  000149d8    000000ba     rts430x_lc_rd_eabi_eh.lib : rtti.c.obj (.text:__derived_to_base_conversion)
                  00014a92    000000ae                               : tdeh_unwinder.cpp.obj (.text:_ZN39_INTERNAL_17_tdeh_unwinder_cpp_f8f63fad16find_et_setup_prEP19_Unwind_Exception_sm)
                  00014b40    000000aa     HardwareSerial.obj (.text:_ZN14HardwareSerialC1Ev)
                  00014bea    000000a6     ucs.obj (.text:UCS_initClockSignal)
                  00014c90    000000a2     pmm.obj (.text:PMM_setVCoreDown)
                  00014d32    000000a2     Tar.obj (.text:_ZN3Tar9StartSendEv)
                  00014dd4    000000a2     MspTar.obj (.text:_ZN6MspTarC1Ev)
                  00014e76    00000086     rts430x_lc_rd_eabi_eh.lib : tdeh_cpp_abi.cpp.obj (.text:__cxa_allocate_exception)
                  00014efc    00000084     main.obj (.text:_ZN12ResetDS18B2010startResetEv)
                  00014f80    00000084     rts430x_lc_rd_eabi_eh.lib : tdeh_pr_common.cpp.obj (.text:_ZN40_INTERNAL_18_tdeh_pr_common_cpp_740245dd15process_cleanupEP19_Unwind_Exception_s13_Unwind_PhaseP15_Unwind_ContextPPmmm)
                  00015004    0000007c     timer_a.obj (.text:Timer_A_initUpMode)
                  00015080    0000007a     rts430x_lc_rd_eabi_eh.lib : tdeh_cpp_abi.cpp.obj (.text:__cxa_get_globals)
                  000150fa    00000078                               : tdeh_pr_msp430.cpp.obj (.text:_Z16__TI_targ_set_prP19_Unwind_Exception_s)
                  00015172    00000078                               : tdeh_pr_msp430.cpp.obj (.text:_ZN40_INTERNAL_18_tdeh_pr_msp430_cpp_ead9744d12next_uw_byteEP20_Unwind_Instr_Handle)
                  000151ea    00000078     main.obj (.text:_ZNSt3__210__function6__funcIZN12ResetDS18B2010startResetEvEUlvE_NS_9allocatorIS3_EEFvvEEclEv)
                  00015262    00000076     rts430x_lc_rd_eabi_eh.lib : copy_decompress_lzss.c.obj (.text:decompress:lzss:__TI_decompress_lzss)
                  000152d8    00000074                               : autoinit.c.obj (.text:__TI_auto_init_nobinit_hold_wdt:__TI_auto_init_nobinit_hold_wdt)
                  0001534c    00000074                               : memory.c.obj (.text:split)
                  000153c0    00000072     main.obj (.text:_ZN7DS18B20C1Ev)
                  00015432    00000072     main.obj (.text:_ZNSt3__24listIN9TimerBase4TaskENS_9allocatorIS2_EEE5eraseENS_21__list_const_iteratorIS2_PvEE)
                  000154a4    0000006a     MspTar.obj (.text:_ZNSt3__210__list_impIN9TimerBase4TaskENS_9allocatorIS2_EEE5clearEv)
                  0001550e    0000006a     rts430x_lc_rd_eabi_eh.lib : tdeh_cpp_abi.cpp.obj (.text:__cxa_end_catch)
                  00015578    00000066                               : tdeh_unwinder.cpp.obj (.text:__TI_ut_entry_cmp)
                  000155de    00000062     main.obj (.text:_ZNSt3__210__list_impIN4Task10TaskStructENS_9allocatorIS2_EEE5clearEv)
                  00015640    00000060     main.obj (.text:_ZNSt3__210__list_impIN8Delegate10TaskStructENS_9allocatorIS2_EEE5clearEv)
                  000156a0    00000060     Tar.obj (.text:_ZNSt3__24listIhNS_9allocatorIhEEE5eraseENS_21__list_const_iteratorIhPvEE)
                  00015700    0000005e     HardwareSerial.obj (.text:_ZN14HardwareSerial5beginEv)
                  0001575e    0000005e     Tar.obj (.text:_ZN3Tar15PushFrameHeaderEv)
                  000157bc    0000005e     MspTar.obj (.text:_ZNSt3__210__list_impIhNS_9allocatorIhEEE5clearEv)
                  0001581a    0000005a     rts430x_lc_rd_eabi_eh.lib : bsearch.c.obj (.text:bsearch)
                  00015874    00000058                               : stdexcept.cpp.obj (.text:_ZNSt11logic_errorC1EPKc)
                  000158cc    00000052     pmm.obj (.text:PMM_setVCore)
                  0001591e    00000052     MspTar.obj (.text:_ZNSt3__28functionIFvvEEC1ERKS2_)
                  00015970    00000050     Tar.obj (.text:_ZN3Tar8PushDataEh)
                  000159c0    0000004e     rts430x_lc_rd_eabi_eh.lib : dtor_list.c.obj (.text:_Z23__finalize_destructionsPP20a_needed_destructionPv)
                  00015a0e    0000004e                               : tdeh_unwinder.cpp.obj (.text:_ZN39_INTERNAL_17_tdeh_unwinder_cpp_f8f63fad17__TI_unwind_frameEP19_Unwind_Exception_sP15_Unwind_Context)
                  00015a5c    0000004a                               : exit.c.obj (.text:exit)
                  00015aa6    00000048     main.obj (.text:_ZN9TimerBase7addTaskEjNSt3__28functionIFvvEEE)
                  00015aee    00000046     rts430x_lc_rd_eabi_eh.lib : dtor_list.c.obj (.text:_Z25__add_destruction_to_listPP20a_needed_destructionPFYvPvES2_S2_)
                  00015b34    00000044                               : tdeh_unwinder.cpp.obj (.text:__TI_Unwind_RaiseException2)
                  00015b78    00000044                               : tdeh_unwinder.cpp.obj (.text:__TI_Unwind_Resume)
                  00015bbc    00000042     Tar.obj (.text:_ZN13CircularQueueIhE5clearEv)
                  00015bfe    00000042     Tar.obj (.text:_ZN3Tar16AnalysisReadListEh)
                  00015c40    00000040     MspTar.obj (.text:_ZN4Task3addENSt3__28functionIFvvEEE)
                  00015c80    00000040     MspTar.obj (.text:_ZN6MspTar4InitEv)
                  00015cc0    00000040     main.obj (.text:_ZN7DS18B20D2Ev)
                  00015d00    00000040     rts430x_lc_rd_eabi_eh.lib : tdeh_cpp_abi.cpp.obj (.text:__cxa_begin_catch)
                  00015d40    0000003e                               : new.cpp.obj (.text:_Znwj)
                  00015d7e    0000003e                               : asr32.asm.obj (.text:l_asr_const)
                  00015dbc    0000003e                               : lsl32.asm.obj (.text:l_lsl_const)
                  00015dfa    0000003e                               : tdeh_uwentry_msp430.asm.obj (.text)
                  00015e38    0000003c     HardwareSerial.obj (.text:_ZN13CircularQueueIhE9push_backEh)
                  00015e74    0000003c     Tar.obj (.text:_ZN3Tar7GetDataEv)
                  00015eb0    0000003c     MspTar.obj (.text:_ZNSt3__28functionIFvPvEED1Ev)
                  00015eec    0000003c     MspTar.obj (.text:_ZNSt3__28functionIFvvEED1Ev)
                  00015f28    0000003a     main.obj (.text:_ZN24DS18B20TemperatureSampleD2Ev)
                  00015f62    00000038     ucs.obj (.text:UCS_turnOnLFXT1)
                  00015f9a    00000038     main.obj (.text:_ZN7DS18B20D1Ev)
                  00015fd2    00000036     rts430x_lc_rd_eabi_eh.lib : tdeh_cpp_abi.cpp.obj (.text:__cxa_rethrow)
                  00016008    00000034     gpio.obj (.text:GPIO_setAsInputPin)
                  0001603c    00000034     ucs.obj (.text:UCS_turnOnXT2)
                  00016070    00000034     rts430x_lc_rd_eabi_eh.lib : tdeh_cpp_abi.cpp.obj (.text:__cxa_throw)
                  000160a4    00000032     HardwareSerial.obj (.text:_ZN14HardwareSerial9startSendEv)
                  000160d6    00000030     MspTar.obj (.text:_ZN13CircularQueueIhE9pop_frontEv)
                  00016106    00000030     Tar.obj (.text:_ZN3Tar8sendDataEPKhj)
                  00016136    0000002e     HardwareSerial.obj (.text:_ZN14HardwareSerial15sendDataInTxISREv)
                  00016164    0000002c     rts430x_lc_rd_eabi_eh.lib : memory.c.obj (.text:free_list_insert)
                  00016190    0000002c                               : div16s.asm.obj (.text)
                  000161bc    0000002a                               : stdexcept.cpp.obj (.text:_ZNSt11logic_errorD1Ev)
                  000161e6    0000002a     main.obj (.text:_ZNSt3__210__function6__funcIZN12ResetDS18B206pullUpEvEUlvE_NS_9allocatorIS3_EEFvvEEclEv)
                  00016210    0000002a     MspTar.obj (.text:_ZNSt3__29allocatorINS_11__list_nodeIN4Task10TaskStructEPvEEE9constructIS3_JRKS3_EEEvPT_DpOT0_)
                  0001623a    0000002a     rts430x_lc_rd_eabi_eh.lib : memory.c.obj (.text:free_list_remove)
                  00016264    00000028     gpio.obj (.text:GPIO_setAsOutputPin)
                  0001628c    00000028     gpio.obj (.text:GPIO_setAsPeripheralModuleFunctionInputPin)
                  000162b4    00000028     gpio.obj (.text:GPIO_setAsPeripheralModuleFunctionOutputPin)
                  000162dc    00000028     main.obj (.text:_ZN18BasicGpioOperation5delayEj)
                  00016304    00000028     rts430x_lc_rd_eabi_eh.lib : tdeh_cpp_abi.cpp.obj (.text:_ZN38_INTERNAL_16_tdeh_cpp_abi_cpp_89652da837__TI_setup_handler_and_call_terminateEP19_Unwind_Exception_s)
                  0001632c    00000028                               : tdeh_cpp_abi.cpp.obj (.text:__cxa_free_exception)
                  00016354    00000026     MspTar.obj (.text:_ZN6MspTar6HandleEv)
                  0001637a    00000026     rts430x_lc_rd_eabi_eh.lib : tdeh_pr_msp430.cpp.obj (.text:__TI_Unwind_RaiseException)
                  000163a0    00000026                               : dtor_list.c.obj (.text:__cxa_atexit)
                  000163c6    00000024     main.obj (.text:_ZNKSt3__28functionIFvvEEclEv)
                  000163ea    00000024     MspTar.obj (.text:_ZNSt3__220__throw_length_errorEPKc)
                  0001640e    00000024     main.obj (.text:_ZNSt3__28functionIFvvEEaSIZN24DS18B20TemperatureSample13isConvertDoneEvEUlvE_vEERS2_OT_)
                  00016432    00000024     main.obj (.text:_ZNSt3__28functionIFvvEEaSIZN24DS18B20TemperatureSample22startTemperatureSampleEvEUlvE_vEERS2_OT_)
                  00016456    00000024     rts430x_lc_rd_eabi_eh.lib : tdeh_cpp_abi.cpp.obj (.text:_ZSt10unexpectedv)
                  0001647a    00000024                               : tdeh_cpp_abi.cpp.obj (.text:_ZSt9terminatev)
                  0001649e    00000024                               : copy_zero_init.c.obj (.text:decompress:ZI:__TI_zero_init_nomemset:__TI_zero_init_nomemset)
                  000164c2    00000024                               : mult32_f5hw.asm.obj (.text)
                  000164e6    00000020     usci_a_uart.obj (.text:USCI_A_UART_transmitData)
                  00016506    00000020     wdt_a.obj (.text:WDT_A_hold)
                  00016526    00000020     MspTar.obj (.text:_ZN13CircularQueueIhE10QueueIndexC1EPS0_)
                  00016546    00000020     rts430x_lc_rd_eabi_eh.lib : rtti.c.obj (.text:__cxa_bad_typeid)
                  00016566    0000001e     usci_a_uart.obj (.text:USCI_A_UART_enableInterrupt)
                  00016584    0000001e     usci_a_uart.obj (.text:USCI_A_UART_receiveData)
                  000165a2    0000001e     HardwareSerial.obj (.text:_ZN14HardwareSerial5flushEv)
                  000165c0    0000001c     gpio.obj (.text:GPIO_getInputPinValue)
                  000165dc    0000001c     gpio.obj (.text:GPIO_setOutputHighOnPin)
                  000165f8    0000001c     gpio.obj (.text:GPIO_setOutputLowOnPin)
                  00016614    0000001c     gpio.obj (.text:GPIO_toggleOutputOnPin)
                  00016630    0000001c     Tar.obj (.text:_ZN3Tar3tarEhb)
                  0001664c    0000001c     HardwareSerial.obj (.text:_ZNKSt3__210__function6__funcIZN14HardwareSerialC1EvEUlvE_NS_9allocatorIS3_EEFvvEE6targetERKSt9type_info)
                  00016668    0000001c     MspTar.obj (.text:_ZNKSt3__210__function6__funcIZN6MspTar4InitEvEUlvE_NS_9allocatorIS3_EEFvvEE6targetERKSt9type_info)
                  00016684    0000001c     MspTar.obj (.text:_ZNSt3__210unique_ptrINS_11__list_nodeIN4Task10TaskStructEPvEENS_22__allocator_destructorINS_9allocatorIS5_EEEEED1Ev)
                  000166a0    0000001a     rts430x_lc_rd_eabi_eh.lib : tdeh_unwinder.cpp.obj (.text:_Z13__TI_prel2absPKm)
                  000166ba    0000001a     HardwareSerial.obj (.text:_ZN14HardwareSerial4readEv)
                  000166d4    00000018     HardwareSerial.obj (.text:_ZN14HardwareSerial15readDataInRxISREv)
                  000166ec    00000018     rts430x_lc_rd_eabi_eh.lib : mult16_f5hw.asm.obj (.text)
                  00016704    00000016                               : typeinfo.c.obj (.text:_ZN10__cxxabiv120__si_class_type_infoD0Ev)
                  0001671a    00000016                               : typeinfo.c.obj (.text:_ZN10__cxxabiv121__vmi_class_type_infoD0Ev)
                  00016730    00000016                               : tdeh_cpp_abi.cpp.obj (.text:_ZN38_INTERNAL_16_tdeh_cpp_abi_cpp_89652da810is_similarEPKSt9type_infoS2_)
                  00016746    00000016     Tar.obj (.text:_ZN3Tar14IsInsertedZeroEv)
                  0001675c    00000016     Tar.obj (.text:_ZN3Tar17DetectFrameHeaderEv)
                  00016772    00000016     MspTar.obj (.text:_ZN6MspTar9OnReceiveER13CircularQueueIhE)
                  00016788    00000016     MspTar.obj (.text:_ZNSt12length_errorC1EPKc)
                  0001679e    00000016     rts430x_lc_rd_eabi_eh.lib : tdeh_cpp_abi.cpp.obj (.text:__cxa_begin_cleanup)
                  000167b4    00000016                               : tdeh_cpp_abi.cpp.obj (.text:__cxa_call_terminate)
                  000167ca    00000016                               : memory.c.obj (.text:heap_start)
                  000167e0    00000016                               : div16u.asm.obj (.text)
                  000167f6    00000014                               : typeinfo.c.obj (.text:_ZN10__cxxabiv117__class_type_infoD0Ev)
                  0001680a    00000014                               : typeinfo.c.obj (.text:_ZN10__cxxabiv123__fundamental_type_infoD0Ev)
                  0001681e    00000014     MspTar.obj (.text:_ZN13CircularQueueIhE10QueueIndexppEi)
                  00016832    00000014     Tar.obj (.text:_ZN3Tar14GetFrameLengthEv)
                  00016846    00000014     main.obj (.text:_ZNKSt3__210__function6__funcIZN12ResetDS18B2010startResetEvEUlvE_NS_9allocatorIS3_EEFvvEE6targetERKSt9type_info)
                  0001685a    00000014     main.obj (.text:_ZNKSt3__210__function6__funcIZN12ResetDS18B206pullUpEvEUlvE_NS_9allocatorIS3_EEFvvEE6targetERKSt9type_info)
                  0001686e    00000014     main.obj (.text:_ZNKSt3__210__function6__funcIZN24DS18B20TemperatureSample13isConvertDoneEvEUlvE0_NS_9allocatorIS3_EEFvvEE6targetERKSt9type_info)
                  00016882    00000014     main.obj (.text:_ZNKSt3__210__function6__funcIZN24DS18B20TemperatureSample13isConvertDoneEvEUlvE_NS_9allocatorIS3_EEFvvEE6targetERKSt9type_info)
                  00016896    00000014     main.obj (.text:_ZNKSt3__210__function6__funcIZN24DS18B20TemperatureSample18sendConvertCommandEvEUlvE_NS_9allocatorIS3_EEFvvEE6targetERKSt9type_info)
                  000168aa    00000014     main.obj (.text:_ZNKSt3__210__function6__funcIZN24DS18B20TemperatureSample22startTemperatureSampleEvEUlvE_NS_9allocatorIS3_EEFvvEE6targetERKSt9type_info)
                  000168be    00000014     main.obj (.text:_ZNKSt3__210__function6__funcIZN6TickerC1EvEUlvE_NS_9allocatorIS3_EEFvvEE6targetERKSt9type_info)
                  000168d2    00000014     main.obj (.text:_ZNKSt3__210__function6__funcIZN7DS18B20C1EvEUlvE_NS_9allocatorIS3_EEFvvEE6targetERKSt9type_info)
                  000168e6    00000014     rts430x_lc_rd_eabi_eh.lib : stdlib_typeinfo.cpp.obj (.text:_ZNSt10bad_typeidD0Ev)
                  000168fa    00000014                               : stdexcept.cpp.obj (.text:_ZNSt11logic_errorD0Ev)
                  0001690e    00000014                               : stdexcept.cpp.obj (.text:_ZNSt12length_errorD0Ev)
                  00016922    00000014                               : memcpy.c.obj (.text:memcpy)
                  00016936    00000012     MspTar.obj (.text:_ZN3TarD1Ev)
                  00016948    00000012     main.obj (.text:_ZN4TaskD1Ev)
                  0001695a    00000012     main.obj (.text:_ZN6MspTarD1Ev)
                  0001696c    00000012     main.obj (.text:_ZN6TickerD1Ev)
                  0001697e    00000012     main.obj (.text:_ZN8DelegateD1Ev)
                  00016990    00000012     MspTar.obj (.text:_ZN9TimerBase4TaskD1Ev)
                  000169a2    00000012     MspTar.obj (.text:_ZN9TimerBaseD1Ev)
                  000169b4    00000012     rts430x_lc_rd_eabi_eh.lib : stdlib_typeinfo.cpp.obj (.text:_ZNSt10bad_typeidC1Ev)
                  000169c6    00000012                               : stdlib_exception.cpp.obj (.text:_ZNSt9bad_allocC1Ev)
                  000169d8    00000012                               : tdeh_cpp_abi.cpp.obj (.text:__TI_cxa_end_cleanup)
                  000169ea    00000012                               : copy_decompress_none.c.obj (.text:decompress:none:__TI_decompress_none)
                  000169fc    00000010     MspTar.obj (.text:_ZN4Task10TaskStructD1Ev)
                  00016a0c    00000010     MspTar.obj (.text:_ZN8Delegate10TaskStructD1Ev)
                  00016a1c    00000010     main.obj (.text:_ZNSt3__216allocator_traitsINS_9allocatorINS_11__list_nodeIN9TimerBase4TaskEPvEEEEE7destroyIS4_EEvRS7_PT_)
                  00016a2c    0000000e     rts430x_lc_rd_eabi_eh.lib : typeinfo.c.obj (.text:_ZN10__cxxabiv117__class_type_infoD1Ev)
                  00016a3a    0000000e                               : typeinfo.c.obj (.text:_ZN10__cxxabiv120__si_class_type_infoD1Ev)
                  00016a48    0000000e                               : typeinfo.c.obj (.text:_ZN10__cxxabiv121__vmi_class_type_infoD1Ev)
                  00016a56    0000000e                               : typeinfo.c.obj (.text:_ZN10__cxxabiv123__fundamental_type_infoD1Ev)
                  00016a64    0000000e     HardwareSerial.obj (.text:_ZN13CircularQueueIhE5emptyEv)
                  00016a72    0000000e     main.obj (.text:_ZN5TimerD1Ev)
                  00016a80    0000000e     rts430x_lc_rd_eabi_eh.lib : stdlib_typeinfo.cpp.obj (.text:_ZNSt10bad_typeidD1Ev)
                  00016a8e    0000000e                               : stdexcept.cpp.obj (.text:_ZNSt12length_errorD1Ev)
                  00016a9c    0000000e     HardwareSerial.obj (.text:_ZNSt3__210__function6__funcIZN14HardwareSerialC1EvEUlvE_NS_9allocatorIS3_EEFvvEEclEv)
                  00016aaa    0000000e     main.obj (.text:_ZNSt3__210__function6__funcIZN24DS18B20TemperatureSample18sendConvertCommandEvEUlvE_NS_9allocatorIS3_EEFvvEEclEv)
                  00016ab8    0000000e     MspTar.obj (.text:_ZNSt3__210__function6__funcIZN6MspTar4InitEvEUlvE_NS_9allocatorIS3_EEFvvEEclEv)
                  00016ac6    0000000e     main.obj (.text:_ZNSt3__210__list_impIN4Task10TaskStructENS_9allocatorIS2_EEED1Ev)
                  00016ad4    0000000e     main.obj (.text:_ZNSt3__210__list_impIN8Delegate10TaskStructENS_9allocatorIS2_EEED1Ev)
                  00016ae2    0000000e     MspTar.obj (.text:_ZNSt3__210__list_impIN9TimerBase4TaskENS_9allocatorIS2_EEED1Ev)
                  00016af0    0000000e     MspTar.obj (.text:_ZNSt3__210__list_impIhNS_9allocatorIhEEED1Ev)
                  00016afe    0000000e     main.obj (.text:_ZNSt3__24listIN4Task10TaskStructENS_9allocatorIS2_EEED1Ev)
                  00016b0c    0000000e     main.obj (.text:_ZNSt3__24listIN8Delegate10TaskStructENS_9allocatorIS2_EEED1Ev)
                  00016b1a    0000000e     MspTar.obj (.text:_ZNSt3__24listIN9TimerBase4TaskENS_9allocatorIS2_EEED1Ev)
                  00016b28    0000000e     MspTar.obj (.text:_ZNSt3__24listIhNS_9allocatorIhEEED1Ev)
                  00016b36    0000000e     rts430x_lc_rd_eabi_eh.lib : strlen.c.obj (.text:strlen)
                  00016b44    0000000c     usci_a_uart.obj (.text:USCI_A_UART_clearInterrupt)
                  00016b50    0000000c     rts430x_lc_rd_eabi_eh.lib : tdeh_pr_msp430.cpp.obj (.text:_Z23__TI_targ_regbuf_get_pcP15_Unwind_Context)
                  00016b5c    0000000c                               : tdeh_pr_msp430.cpp.obj (.text:_Z23__TI_targ_regbuf_get_spP15_Unwind_Context)
                  00016b68    0000000c     MspTar.obj (.text:_ZN6MspTar17availableForWriteEv)
                  00016b74    0000000c     main.obj (.text:_ZZN6TickerC1EvENKUlvE_clEv)
                  00016b80    0000000c     rts430x_lc_rd_eabi_eh.lib : dtor_list.c.obj (.text:__cxa_ia64_exit)
                  00016b8c    0000000a                               : tdeh_pr_msp430.cpp.obj (.text:_Z22__TI_targ_rtti_addressPmP15_Unwind_Context)
                  00016b96    0000000a                               : tdeh_pr_msp430.cpp.obj (.text:_Z23__TI_targ_regbuf_set_pcP15_Unwind_Contextm)
                  00016ba0    0000000a                               : tdeh_pr_msp430.cpp.obj (.text:_Z26__TI_targ_setup_call_parm0P15_Unwind_Contextm)
                  00016baa    0000000a     HardwareSerial.obj (.text:_ZN13CircularQueueIhE9availableEv)
                  00016bb4    0000000a     HardwareSerial.obj (.text:_ZN14HardwareSerial17availableForWriteEv)
                  00016bbe    0000000a     HardwareSerial.obj (.text:_ZN14HardwareSerial5writeEh)
                  00016bc8    0000000a     MspTar.obj (.text:_ZN6MspTar5flushEv)
                  00016bd2    0000000a     MspTar.obj (.text:_ZN6MspTar5writeEh)
                  00016bdc    0000000a     main.obj (.text:_ZNSt3__210__function6__funcIZN12ResetDS18B2010startResetEvEUlvE_NS_9allocatorIS3_EEFvvEE18destroy_deallocateEv)
                  00016be6    0000000a     main.obj (.text:_ZNSt3__210__function6__funcIZN12ResetDS18B206pullUpEvEUlvE_NS_9allocatorIS3_EEFvvEE18destroy_deallocateEv)
                  00016bf0    0000000a     HardwareSerial.obj (.text:_ZNSt3__210__function6__funcIZN14HardwareSerialC1EvEUlvE_NS_9allocatorIS3_EEFvvEE18destroy_deallocateEv)
                  00016bfa    0000000a     main.obj (.text:_ZNSt3__210__function6__funcIZN24DS18B20TemperatureSample13isConvertDoneEvEUlvE0_NS_9allocatorIS3_EEFvvEE18destroy_deallocateEv)
                  00016c04    0000000a     main.obj (.text:_ZNSt3__210__function6__funcIZN24DS18B20TemperatureSample13isConvertDoneEvEUlvE_NS_9allocatorIS3_EEFvvEE18destroy_deallocateEv)
                  00016c0e    0000000a     main.obj (.text:_ZNSt3__210__function6__funcIZN24DS18B20TemperatureSample18sendConvertCommandEvEUlvE_NS_9allocatorIS3_EEFvvEE18destroy_deallocateEv)
                  00016c18    0000000a     main.obj (.text:_ZNSt3__210__function6__funcIZN24DS18B20TemperatureSample22startTemperatureSampleEvEUlvE_NS_9allocatorIS3_EEFvvEE18destroy_deallocateEv)
                  00016c22    0000000a     MspTar.obj (.text:_ZNSt3__210__function6__funcIZN6MspTar4InitEvEUlvE_NS_9allocatorIS3_EEFvvEE18destroy_deallocateEv)
                  00016c2c    0000000a     main.obj (.text:_ZNSt3__210__function6__funcIZN6TickerC1EvEUlvE_NS_9allocatorIS3_EEFvvEE18destroy_deallocateEv)
                  00016c36    0000000a     main.obj (.text:_ZNSt3__210__function6__funcIZN6TickerC1EvEUlvE_NS_9allocatorIS3_EEFvvEEclEv)
                  00016c40    0000000a     main.obj (.text:_ZNSt3__210__function6__funcIZN7DS18B20C1EvEUlvE_NS_9allocatorIS3_EEFvvEE18destroy_deallocateEv)
                  00016c4a    0000000a     rts430x_lc_rd_eabi_eh.lib : new.cpp.obj (.text:_ZdlPv)
[...]
00016a80  _ZNSt10bad_typeidD2Ev                                                                                                                        
00016a8e  _ZNSt12length_errorD1Ev                                                                                                                      
00016a8e  _ZNSt12length_errorD2Ev                                                                                                                      
00016a9c  _ZNSt3__210__function6__funcIZN14HardwareSerialC1EvEUlvE_NS_9allocatorIS3_EEFvvEEclEv                                                        
00016aaa  _ZNSt3__210__function6__funcIZN24DS18B20TemperatureSample18sendConvertCommandEvEUlvE_NS_9allocatorIS3_EEFvvEEclEv                            
00016ab8  _ZNSt3__210__function6__funcIZN6MspTar4InitEvEUlvE_NS_9allocatorIS3_EEFvvEEclEv                                                              
00016ac6  _ZNSt3__210__list_impIN4Task10TaskStructENS_9allocatorIS2_EEED1Ev                                                                            
00016ad4  _ZNSt3__210__list_impIN8Delegate10TaskStructENS_9allocatorIS2_EEED1Ev                                                                        
00016ae2  _ZNSt3__210__list_impIN9TimerBase4TaskENS_9allocatorIS2_EEED1Ev                                                                              
00016af0  _ZNSt3__210__list_impIhNS_9allocatorIhEEED1Ev                                                                                                
00016afe  _ZNSt3__24listIN4Task10TaskStructENS_9allocatorIS2_EEED1Ev                                                                                   
00016b0c  _ZNSt3__24listIN8Delegate10TaskStructENS_9allocatorIS2_EEED1Ev                                                                               
00016b1a  _ZNSt3__24listIN9TimerBase4TaskENS_9allocatorIS2_EEED1Ev                                                                                     
00016b28  _ZNSt3__24listIhNS_9allocatorIhEEED1Ev                                                                                                       
00016b36  strlen                                                                                                                                       
00016b44  USCI_A_UART_clearInterrupt                                                                                                                   
00016b50  _Z23__TI_targ_regbuf_get_pcP15_Unwind_Context                                                                                                
00016b5c  _Z23__TI_targ_regbuf_get_spP15_Unwind_Context                                                                                                
00016b68  _ZN6MspTar17availableForWriteEv                                                                                                              
00016b80  __cxa_ia64_exit                                                                                                                              
00016b8c  _Z22__TI_targ_rtti_addressPmP15_Unwind_Context                                                                                               
00016b96  _Z23__TI_targ_regbuf_set_pcP15_Unwind_Contextm                                                                                               
00016ba0  _Z26__TI_targ_setup_call_parm0P15_Unwind_Contextm                                                                                            
00016baa  _ZN13CircularQueueIhE9availableEv                                                                                                            
00016bb4  _ZN14HardwareSerial17availableForWriteEv                                                                                                     
00016bbe  _ZN14HardwareSerial5writeEh                                                                                                                  
00016bc8  _ZN6MspTar5flushEv                                                                                                                           
00016bd2  _ZN6MspTar5writeEh                                                                                                                           
00016bdc  _ZNSt3__210__function6__funcIZN12ResetDS18B2010startResetEvEUlvE_NS_9allocatorIS3_EEFvvEE18destroy_deallocateEv                              
00016be6  _ZNSt3__210__function6__funcIZN12ResetDS18B206pullUpEvEUlvE_NS_9allocatorIS3_EEFvvEE18destroy_deallocateEv                                   
00016bf0  _ZNSt3__210__function6__funcIZN14HardwareSerialC1EvEUlvE_NS_9allocatorIS3_EEFvvEE18destroy_deallocateEv                                      
00016bfa  _ZNSt3__210__function6__funcIZN24DS18B20TemperatureSample13isConvertDoneEvEUlvE0_NS_9allocatorIS3_EEFvvEE18destroy_deallocateEv              
00016c04  _ZNSt3__210__function6__funcIZN24DS18B20TemperatureSample13isConvertDoneEvEUlvE_NS_9allocatorIS3_EEFvvEE18destroy_deallocateEv               
00016c0e  _ZNSt3__210__function6__funcIZN24DS18B20TemperatureSample18sendConvertCommandEvEUlvE_NS_9allocatorIS3_EEFvvEE18destroy_deallocateEv          
00016c18  _ZNSt3__210__function6__funcIZN24DS18B20TemperatureSample22startTemperatureSampleEvEUlvE_NS_9allocatorIS3_EEFvvEE18destroy_deallocateEv      
00016c22  _ZNSt3__210__function6__funcIZN6MspTar4InitEvEUlvE_NS_9allocatorIS3_EEFvvEE18destroy_deallocateEv                                            
00016c2c  _ZNSt3__210__function6__funcIZN6TickerC1EvEUlvE_NS_9allocatorIS3_EEFvvEE18destroy_deallocateEv                                               
00016c36  _ZNSt3__210__function6__funcIZN6TickerC1EvEUlvE_NS_9allocatorIS3_EEFvvEEclEv                                                                 
00016c40  _ZNSt3__210__function6__funcIZN7DS18B20C1EvEUlvE_NS_9allocatorIS3_EEFvvEE18destroy_deallocateEv                                              
00016c4a  _ZdlPv                                                                                                                                       
00016c54  __cxa_pure_virtual                                                                                                                           
00016c5e  __mspabi_slli                                                                                                                                
00016c70  _ZNSt3__210__function6__baseIFvvEED0Ev                                                                                                       
00016c78  _ZNSt3__210__function6__funcIZN12ResetDS18B2010startResetEvEUlvE_NS_9allocatorIS3_EEFvvEED0Ev                                                
00016c80  _ZNSt3__210__function6__funcIZN12ResetDS18B206pullUpEvEUlvE_NS_9allocatorIS3_EEFvvEED0Ev                                                     
00016c88  _ZNSt3__210__function6__funcIZN14HardwareSerialC1EvEUlvE_NS_9allocatorIS3_EEFvvEED0Ev                                                        
00016c90  _ZNSt3__210__function6__funcIZN24DS18B20TemperatureSample13isConvertDoneEvEUlvE0_NS_9allocatorIS3_EEFvvEED0Ev                                
00016c98  _ZNSt3__210__function6__funcIZN24DS18B20TemperatureSample13isConvertDoneEvEUlvE_NS_9allocatorIS3_EEFvvEED0Ev                                 
00016ca0  _ZNSt3__210__function6__funcIZN24DS18B20TemperatureSample18sendConvertCommandEvEUlvE_NS_9allocatorIS3_EEFvvEED0Ev                            
00016ca8  _ZNSt3__210__function6__funcIZN24DS18B20TemperatureSample22startTemperatureSampleEvEUlvE_NS_9allocatorIS3_EEFvvEED0Ev                        
00016cb0  _ZNSt3__210__function6__funcIZN6MspTar4InitEvEUlvE_NS_9allocatorIS3_EEFvvEED0Ev                                                              
00016cb8  _ZNSt3__210__function6__funcIZN6TickerC1EvEUlvE_NS_9allocatorIS3_EEFvvEED0Ev                                                                 
00016cc0  _ZNSt3__210__function6__funcIZN7DS18B20C1EvEUlvE_NS_9allocatorIS3_EEFvvEED0Ev                                                                
00016cc8  __mspabi_unwind_cpp_pr0                                                                                                                      
00016cd0  __mspabi_unwind_cpp_pr1                                                                                                                      
00016cd8  __mspabi_unwind_cpp_pr2                                                                                                                      
00016ce0  malloc                                                                                                                                       
00016ce8  USCI_A_UART_enable                                                                                                                           
00016cee  _Z23__TI_targ_regbuf_get_sbP15_Unwind_Context                                                                                                
00016cf4  _Z24__TI_targ_regbuf_installP15_Unwind_Context                                                                                               
00016cfa  _ZN13CircularQueueIhE4sizeEv                                                                                                                 
00016d00  _ZN14HardwareSerial9availableEv                                                                                                              
00016d06  _ZN9TimerBaseD2Ev                                                                                                                            
00016d0c  _ZNKSt10bad_typeid4whatEv                                                                                                                    
00016d12  _ZNKSt11logic_error4whatEv                                                                                                                   
00016d18  _ZNKSt13bad_exception4whatEv                                                                                                                 
00016d1e  _ZNKSt3__210__function6__funcIZN12ResetDS18B2010startResetEvEUlvE_NS_9allocatorIS3_EEFvvEE11target_typeEv                                    
00016d24  _ZNKSt3__210__function6__funcIZN12ResetDS18B206pullUpEvEUlvE_NS_9allocatorIS3_EEFvvEE11target_typeEv                                         
00016d2a  _ZNKSt3__210__function6__funcIZN14HardwareSerialC1EvEUlvE_NS_9allocatorIS3_EEFvvEE11target_typeEv                                            
00016d30  _ZNKSt3__210__function6__funcIZN24DS18B20TemperatureSample13isConvertDoneEvEUlvE0_NS_9allocatorIS3_EEFvvEE11target_typeEv                    
00016d36  _ZNKSt3__210__function6__funcIZN24DS18B20TemperatureSample13isConvertDoneEvEUlvE_NS_9allocatorIS3_EEFvvEE11target_typeEv                     
00016d3c  _ZNKSt3__210__function6__funcIZN24DS18B20TemperatureSample18sendConvertCommandEvEUlvE_NS_9allocatorIS3_EEFvvEE11target_typeEv                
00016d42  _ZNKSt3__210__function6__funcIZN24DS18B20TemperatureSample22startTemperatureSampleEvEUlvE_NS_9allocatorIS3_EEFvvEE11target_typeEv            
00016d48  _ZNKSt3__210__function6__funcIZN6MspTar4InitEvEUlvE_NS_9allocatorIS3_EEFvvEE11target_typeEv                                                  
00016d4e  _ZNKSt3__210__function6__funcIZN6TickerC1EvEUlvE_NS_9allocatorIS3_EEFvvEE11target_typeEv                                                     
00016d54  _ZNKSt3__210__function6__funcIZN7DS18B20C1EvEUlvE_NS_9allocatorIS3_EEFvvEE11target_typeEv                                                    
00016d5a  _ZNKSt9bad_alloc4whatEv                                                                                                                      
00016d60  _ZNKSt9exception4whatEv                                                                                                                      
00016d66  _ZNSt13bad_exceptionD0Ev                                                                                                                     
00016d6c  _ZNSt3__210__list_impIN4Task10TaskStructENS_9allocatorIS2_EEED2Ev                                                                            
00016d72  _ZNSt3__210__list_impIN8Delegate10TaskStructENS_9allocatorIS2_EEED2Ev                                                                        
00016d78  _ZNSt3__210__list_impIN9TimerBase4TaskENS_9allocatorIS2_EEED2Ev                                                                              
00016d7e  _ZNSt3__210__list_impIhNS_9allocatorIhEEED2Ev                                                                                                
00016d84  _ZNSt3__225__throw_bad_function_callEv                                                                                                       
00016d8a  _ZNSt3__228__invoke_void_return_wrapperIvE6__callIJRZN6TickerC1EvEUlvE_EEEvDpOT_                                                             
00016d90  _ZNSt9bad_allocD0Ev                                                                                                                          
00016d96  _ZNSt9exceptionD0Ev                                                                                                                          
00016d9c  _Znaj                                                                                                                                        
00016da2  __tdeh_init                                                                                                                                  
00016da8  C$$EXIT                                                                                                                                      
00016da8  abort                                                                                                                                        
00016dae  _ZN13CircularQueueIhE10QueueIndexdeEv                                                                                                        
00016db6  _ZdlPvj                                                                                                                                      
00016dba  __abort_execution                                                                                                                            
00016dbe  _system_pre_init                                                                                                                             
00016dc2  _ZNSt13bad_exceptionD1Ev                                                                                                                     
00016dc2  _ZNSt13bad_exceptionD2Ev                                                                                                                     
00016dc4  _ZNSt3__210__function6__baseIFvvEED1Ev                                                                                                       
00016dc6  _ZNSt3__210__function6__funcIZN12ResetDS18B2010startResetEvEUlvE_NS_9allocatorIS3_EEFvvEE7destroyEv                                          
00016dc8  _ZNSt3__210__function6__funcIZN12ResetDS18B2010startResetEvEUlvE_NS_9allocatorIS3_EEFvvEED1Ev                                                
00016dca  _ZNSt3__210__function6__funcIZN12ResetDS18B206pullUpEvEUlvE_NS_9allocatorIS3_EEFvvEE7destroyEv                                               
00016dcc  _ZNSt3__210__function6__funcIZN12ResetDS18B206pullUpEvEUlvE_NS_9allocatorIS3_EEFvvEED1Ev                                                     
00016dce  _ZNSt3__210__function6__funcIZN14HardwareSerialC1EvEUlvE_NS_9allocatorIS3_EEFvvEE7destroyEv                                                  
00016dd0  _ZNSt3__210__function6__funcIZN14HardwareSerialC1EvEUlvE_NS_9allocatorIS3_EEFvvEED1Ev                                                        
00016dd2  _ZNSt3__210__function6__funcIZN24DS18B20TemperatureSample13isConvertDoneEvEUlvE0_NS_9allocatorIS3_EEFvvEE7destroyEv                          
00016dd4  _ZNSt3__210__function6__funcIZN24DS18B20TemperatureSample13isConvertDoneEvEUlvE0_NS_9allocatorIS3_EEFvvEED1Ev                                
00016dd6  _ZNSt3__210__function6__funcIZN24DS18B20TemperatureSample13isConvertDoneEvEUlvE_NS_9allocatorIS3_EEFvvEE7destroyEv                           
00016dd8  _ZNSt3__210__function6__funcIZN24DS18B20TemperatureSample13isConvertDoneEvEUlvE_NS_9allocatorIS3_EEFvvEED1Ev                                 
00016dda  _ZNSt3__210__function6__funcIZN24DS18B20TemperatureSample18sendConvertCommandEvEUlvE_NS_9allocatorIS3_EEFvvEE7destroyEv                      
00016ddc  _ZNSt3__210__function6__funcIZN24DS18B20TemperatureSample18sendConvertCommandEvEUlvE_NS_9allocatorIS3_EEFvvEED1Ev                            
00016dde  _ZNSt3__210__function6__funcIZN24DS18B20TemperatureSample22startTemperatureSampleEvEUlvE_NS_9allocatorIS3_EEFvvEE7destroyEv                  
00016de0  _ZNSt3__210__function6__funcIZN24DS18B20TemperatureSample22startTemperatureSampleEvEUlvE_NS_9allocatorIS3_EEFvvEED1Ev                        
00016de2  _ZNSt3__210__function6__funcIZN6MspTar4InitEvEUlvE_NS_9allocatorIS3_EEFvvEE7destroyEv                                                        
00016de4  _ZNSt3__210__function6__funcIZN6MspTar4InitEvEUlvE_NS_9allocatorIS3_EEFvvEED1Ev                                                              
00016de6  _ZNSt3__210__function6__funcIZN6TickerC1EvEUlvE_NS_9allocatorIS3_EEFvvEE7destroyEv                                                           
00016de8  _ZNSt3__210__function6__funcIZN6TickerC1EvEUlvE_NS_9allocatorIS3_EEFvvEED1Ev                                                                 
00016dea  _ZNSt3__210__function6__funcIZN7DS18B20C1EvEUlvE_NS_9allocatorIS3_EEFvvEE7destroyEv                                                          
00016dec  _ZNSt3__210__function6__funcIZN7DS18B20C1EvEUlvE_NS_9allocatorIS3_EEFvvEED1Ev                                                                
00016dee  _ZNSt9bad_allocD1Ev                                                                                                                          
00016dee  _ZNSt9bad_allocD2Ev                                                                                                                          
00016df0  _ZNSt9exceptionD1Ev                                                                                                                          
00016df0  _ZNSt9exceptionD2Ev                                                                                                                          
00016df2  _ZNSt9type_infoD1Ev                                                                                                                          
00016df2  _ZNSt9type_infoD2Ev                                                                                                                          
00016df4  _ZdlPvS_                                                                                                                                     
00016df6  _nop                                                                                                                                         
00016df8  _system_post_cinit                                                                                                                           
ffffffff  __TI_pprof_out_hndl                                                                                                                          
ffffffff  __TI_prof_data_size                                                                                                                          
ffffffff  __TI_prof_data_start                                                                                                                         
ffffffff  __c_args__                                                                                                                                   

[1274 symbols]
